14:16:44 **** Build of configuration Debug for project ADC_Value ****
make -j8 all 
arm-none-eabi-size  ADC_Value.elf 
   text	   data	    bss	    dec	    hex	filename
   8884	     12	   1660	  10556	   293c	ADC_Value.elf
Finished building: default.size.stdout
 

14:16:44 Build Finished. 0 errors, 0 warnings. (took 363ms)

14:16:44 **** Incremental Build of configuration Debug for project Encodeur ****
make -j8 all 
arm-none-eabi-size  Encodeur.elf 
   text	   data	    bss	    dec	    hex	filename
  32084	    468	   2100	  34652	   875c	Encodeur.elf
Finished building: default.size.stdout
 
14:16:45 **** Incremental Build of configuration Debug for project TorqueSensor ****
make -j8 all 
arm-none-eabi-gcc "../Drivers/STM32F7xx_HAL_Driver/Src/stm32f7xx_hal.c" -mcpu=cortex-m7 -std=gnu11 -g3 -DDEBUG -DUSE_HAL_DRIVER -DSTM32F746xx -c -I../Core/Inc -I../Drivers/STM32F7xx_HAL_Driver/Inc -I../Drivers/STM32F7xx_HAL_Driver/Inc/Legacy -I../Drivers/CMSIS/Device/ST/STM32F7xx/Include -I../Drivers/CMSIS/Include -O0 -ffunction-sections -fdata-sections -Wall -fstack-usage -fcyclomatic-complexity -MMD -MP -MF"Drivers/STM32F7xx_HAL_Driver/Src/stm32f7xx_hal.d" -MT"Drivers/STM32F7xx_HAL_Driver/Src/stm32f7xx_hal.o" --specs=nano.specs -mfpu=fpv5-sp-d16 -mfloat-abi=hard -mthumb -o "Drivers/STM32F7xx_HAL_Driver/Src/stm32f7xx_hal.o"
arm-none-eabi-gcc "../Drivers/STM32F7xx_HAL_Driver/Src/stm32f7xx_hal_adc.c" -mcpu=cortex-m7 -std=gnu11 -g3 -DDEBUG -DUSE_HAL_DRIVER -DSTM32F746xx -c -I../Core/Inc -I../Drivers/STM32F7xx_HAL_Driver/Inc -I../Drivers/STM32F7xx_HAL_Driver/Inc/Legacy -I../Drivers/CMSIS/Device/ST/STM32F7xx/Include -I../Drivers/CMSIS/Include -O0 -ffunction-sections -fdata-sections -Wall -fstack-usage -fcyclomatic-complexity -MMD -MP -MF"Drivers/STM32F7xx_HAL_Driver/Src/stm32f7xx_hal_adc.d" -MT"Drivers/STM32F7xx_HAL_Driver/Src/stm32f7xx_hal_adc.o" --specs=nano.specs -mfpu=fpv5-sp-d16 -mfloat-abi=hard -mthumb -o "Drivers/STM32F7xx_HAL_Driver/Src/stm32f7xx_hal_adc.o"
arm-none-eabi-gcc "../Drivers/STM32F7xx_HAL_Driver/Src/stm32f7xx_hal_adc_ex.c" -mcpu=cortex-m7 -std=gnu11 -g3 -DDEBUG -DUSE_HAL_DRIVER -DSTM32F746xx -c -I../Core/Inc -I../Drivers/STM32F7xx_HAL_Driver/Inc -I../Drivers/STM32F7xx_HAL_Driver/Inc/Legacy -I../Drivers/CMSIS/Device/ST/STM32F7xx/Include -I../Drivers/CMSIS/Include -O0 -ffunction-sections -fdata-sections -Wall -fstack-usage -fcyclomatic-complexity -MMD -MP -MF"Drivers/STM32F7xx_HAL_Driver/Src/stm32f7xx_hal_adc_ex.d" -MT"Drivers/STM32F7xx_HAL_Driver/Src/stm32f7xx_hal_adc_ex.o" --specs=nano.specs -mfpu=fpv5-sp-d16 -mfloat-abi=hard -mthumb -o "Drivers/STM32F7xx_HAL_Driver/Src/stm32f7xx_hal_adc_ex.o"
arm-none-eabi-gcc "../Drivers/STM32F7xx_HAL_Driver/Src/stm32f7xx_hal_cortex.c" -mcpu=cortex-m7 -std=gnu11 -g3 -DDEBUG -DUSE_HAL_DRIVER -DSTM32F746xx -c -I../Core/Inc -I../Drivers/STM32F7xx_HAL_Driver/Inc -I../Drivers/STM32F7xx_HAL_Driver/Inc/Legacy -I../Drivers/CMSIS/Device/ST/STM32F7xx/Include -I../Drivers/CMSIS/Include -O0 -ffunction-sections -fdata-sections -Wall -fstack-usage -fcyclomatic-complexity -MMD -MP -MF"Drivers/STM32F7xx_HAL_Driver/Src/stm32f7xx_hal_cortex.d" -MT"Drivers/STM32F7xx_HAL_Driver/Src/stm32f7xx_hal_cortex.o" --specs=nano.specs -mfpu=fpv5-sp-d16 -mfloat-abi=hard -mthumb -o "Drivers/STM32F7xx_HAL_Driver/Src/stm32f7xx_hal_cortex.o"
arm-none-eabi-gcc "../Drivers/STM32F7xx_HAL_Driver/Src/stm32f7xx_hal_dma.c" -mcpu=cortex-m7 -std=gnu11 -g3 -DDEBUG -DUSE_HAL_DRIVER -DSTM32F746xx -c -I../Core/Inc -I../Drivers/STM32F7xx_HAL_Driver/Inc -I../Drivers/STM32F7xx_HAL_Driver/Inc/Legacy -I../Drivers/CMSIS/Device/ST/STM32F7xx/Include -I../Drivers/CMSIS/Include -O0 -ffunction-sections -fdata-sections -Wall -fstack-usage -fcyclomatic-complexity -MMD -MP -MF"Drivers/STM32F7xx_HAL_Driver/Src/stm32f7xx_hal_dma.d" -MT"Drivers/STM32F7xx_HAL_Driver/Src/stm32f7xx_hal_dma.o" --specs=nano.specs -mfpu=fpv5-sp-d16 -mfloat-abi=hard -mthumb -o "Drivers/STM32F7xx_HAL_Driver/Src/stm32f7xx_hal_dma.o"
arm-none-eabi-gcc "../Drivers/STM32F7xx_HAL_Driver/Src/stm32f7xx_hal_dma_ex.c" -mcpu=cortex-m7 -std=gnu11 -g3 -DDEBUG -DUSE_HAL_DRIVER -DSTM32F746xx -c -I../Core/Inc -I../Drivers/STM32F7xx_HAL_Driver/Inc -I../Drivers/STM32F7xx_HAL_Driver/Inc/Legacy -I../Drivers/CMSIS/Device/ST/STM32F7xx/Include -I../Drivers/CMSIS/Include -O0 -ffunction-sections -fdata-sections -Wall -fstack-usage -fcyclomatic-complexity -MMD -MP -MF"Drivers/STM32F7xx_HAL_Driver/Src/stm32f7xx_hal_dma_ex.d" -MT"Drivers/STM32F7xx_HAL_Driver/Src/stm32f7xx_hal_dma_ex.o" --specs=nano.specs -mfpu=fpv5-sp-d16 -mfloat-abi=hard -mthumb -o "Drivers/STM32F7xx_HAL_Driver/Src/stm32f7xx_hal_dma_ex.o"
arm-none-eabi-gcc "../Drivers/STM32F7xx_HAL_Driver/Src/stm32f7xx_hal_exti.c" -mcpu=cortex-m7 -std=gnu11 -g3 -DDEBUG -DUSE_HAL_DRIVER -DSTM32F746xx -c -I../Core/Inc -I../Drivers/STM32F7xx_HAL_Driver/Inc -I../Drivers/STM32F7xx_HAL_Driver/Inc/Legacy -I../Drivers/CMSIS/Device/ST/STM32F7xx/Include -I../Drivers/CMSIS/Include -O0 -ffunction-sections -fdata-sections -Wall -fstack-usage -fcyclomatic-complexity -MMD -MP -MF"Drivers/STM32F7xx_HAL_Driver/Src/stm32f7xx_hal_exti.d" -MT"Drivers/STM32F7xx_HAL_Driver/Src/stm32f7xx_hal_exti.o" --specs=nano.specs -mfpu=fpv5-sp-d16 -mfloat-abi=hard -mthumb -o "Drivers/STM32F7xx_HAL_Driver/Src/stm32f7xx_hal_exti.o"
arm-none-eabi-gcc "../Drivers/STM32F7xx_HAL_Driver/Src/stm32f7xx_hal_flash.c" -mcpu=cortex-m7 -std=gnu11 -g3 -DDEBUG -DUSE_HAL_DRIVER -DSTM32F746xx -c -I../Core/Inc -I../Drivers/STM32F7xx_HAL_Driver/Inc -I../Drivers/STM32F7xx_HAL_Driver/Inc/Legacy -I../Drivers/CMSIS/Device/ST/STM32F7xx/Include -I../Drivers/CMSIS/Include -O0 -ffunction-sections -fdata-sections -Wall -fstack-usage -fcyclomatic-complexity -MMD -MP -MF"Drivers/STM32F7xx_HAL_Driver/Src/stm32f7xx_hal_flash.d" -MT"Drivers/STM32F7xx_HAL_Driver/Src/stm32f7xx_hal_flash.o" --specs=nano.specs -mfpu=fpv5-sp-d16 -mfloat-abi=hard -mthumb -o "Drivers/STM32F7xx_HAL_Driver/Src/stm32f7xx_hal_flash.o"
arm-none-eabi-gcc "../Drivers/STM32F7xx_HAL_Driver/Src/stm32f7xx_hal_flash_ex.c" -mcpu=cortex-m7 -std=gnu11 -g3 -DDEBUG -DUSE_HAL_DRIVER -DSTM32F746xx -c -I../Core/Inc -I../Drivers/STM32F7xx_HAL_Driver/Inc -I../Drivers/STM32F7xx_HAL_Driver/Inc/Legacy -I../Drivers/CMSIS/Device/ST/STM32F7xx/Include -I../Drivers/CMSIS/Include -O0 -ffunction-sections -fdata-sections -Wall -fstack-usage -fcyclomatic-complexity -MMD -MP -MF"Drivers/STM32F7xx_HAL_Driver/Src/stm32f7xx_hal_flash_ex.d" -MT"Drivers/STM32F7xx_HAL_Driver/Src/stm32f7xx_hal_flash_ex.o" --specs=nano.specs -mfpu=fpv5-sp-d16 -mfloat-abi=hard -mthumb -o "Drivers/STM32F7xx_HAL_Driver/Src/stm32f7xx_hal_flash_ex.o"
arm-none-eabi-gcc "../Drivers/STM32F7xx_HAL_Driver/Src/stm32f7xx_hal_gpio.c" -mcpu=cortex-m7 -std=gnu11 -g3 -DDEBUG -DUSE_HAL_DRIVER -DSTM32F746xx -c -I../Core/Inc -I../Drivers/STM32F7xx_HAL_Driver/Inc -I../Drivers/STM32F7xx_HAL_Driver/Inc/Legacy -I../Drivers/CMSIS/Device/ST/STM32F7xx/Include -I../Drivers/CMSIS/Include -O0 -ffunction-sections -fdata-sections -Wall -fstack-usage -fcyclomatic-complexity -MMD -MP -MF"Drivers/STM32F7xx_HAL_Driver/Src/stm32f7xx_hal_gpio.d" -MT"Drivers/STM32F7xx_HAL_Driver/Src/stm32f7xx_hal_gpio.o" --specs=nano.specs -mfpu=fpv5-sp-d16 -mfloat-abi=hard -mthumb -o "Drivers/STM32F7xx_HAL_Driver/Src/stm32f7xx_hal_gpio.o"
arm-none-eabi-gcc "../Drivers/STM32F7xx_HAL_Driver/Src/stm32f7xx_hal_i2c.c" -mcpu=cortex-m7 -std=gnu11 -g3 -DDEBUG -DUSE_HAL_DRIVER -DSTM32F746xx -c -I../Core/Inc -I../Drivers/STM32F7xx_HAL_Driver/Inc -I../Drivers/STM32F7xx_HAL_Driver/Inc/Legacy -I../Drivers/CMSIS/Device/ST/STM32F7xx/Include -I../Drivers/CMSIS/Include -O0 -ffunction-sections -fdata-sections -Wall -fstack-usage -fcyclomatic-complexity -MMD -MP -MF"Drivers/STM32F7xx_HAL_Driver/Src/stm32f7xx_hal_i2c.d" -MT"Drivers/STM32F7xx_HAL_Driver/Src/stm32f7xx_hal_i2c.o" --specs=nano.specs -mfpu=fpv5-sp-d16 -mfloat-abi=hard -mthumb -o "Drivers/STM32F7xx_HAL_Driver/Src/stm32f7xx_hal_i2c.o"
arm-none-eabi-gcc "../Drivers/STM32F7xx_HAL_Driver/Src/stm32f7xx_hal_i2c_ex.c" -mcpu=cortex-m7 -std=gnu11 -g3 -DDEBUG -DUSE_HAL_DRIVER -DSTM32F746xx -c -I../Core/Inc -I../Drivers/STM32F7xx_HAL_Driver/Inc -I../Drivers/STM32F7xx_HAL_Driver/Inc/Legacy -I../Drivers/CMSIS/Device/ST/STM32F7xx/Include -I../Drivers/CMSIS/Include -O0 -ffunction-sections -fdata-sections -Wall -fstack-usage -fcyclomatic-complexity -MMD -MP -MF"Drivers/STM32F7xx_HAL_Driver/Src/stm32f7xx_hal_i2c_ex.d" -MT"Drivers/STM32F7xx_HAL_Driver/Src/stm32f7xx_hal_i2c_ex.o" --specs=nano.specs -mfpu=fpv5-sp-d16 -mfloat-abi=hard -mthumb -o "Drivers/STM32F7xx_HAL_Driver/Src/stm32f7xx_hal_i2c_ex.o"
arm-none-eabi-gcc "../Drivers/STM32F7xx_HAL_Driver/Src/stm32f7xx_hal_pwr.c" -mcpu=cortex-m7 -std=gnu11 -g3 -DDEBUG -DUSE_HAL_DRIVER -DSTM32F746xx -c -I../Core/Inc -I../Drivers/STM32F7xx_HAL_Driver/Inc -I../Drivers/STM32F7xx_HAL_Driver/Inc/Legacy -I../Drivers/CMSIS/Device/ST/STM32F7xx/Include -I../Drivers/CMSIS/Include -O0 -ffunction-sections -fdata-sections -Wall -fstack-usage -fcyclomatic-complexity -MMD -MP -MF"Drivers/STM32F7xx_HAL_Driver/Src/stm32f7xx_hal_pwr.d" -MT"Drivers/STM32F7xx_HAL_Driver/Src/stm32f7xx_hal_pwr.o" --specs=nano.specs -mfpu=fpv5-sp-d16 -mfloat-abi=hard -mthumb -o "Drivers/STM32F7xx_HAL_Driver/Src/stm32f7xx_hal_pwr.o"
arm-none-eabi-gcc "../Drivers/STM32F7xx_HAL_Driver/Src/stm32f7xx_hal_pwr_ex.c" -mcpu=cortex-m7 -std=gnu11 -g3 -DDEBUG -DUSE_HAL_DRIVER -DSTM32F746xx -c -I../Core/Inc -I../Drivers/STM32F7xx_HAL_Driver/Inc -I../Drivers/STM32F7xx_HAL_Driver/Inc/Legacy -I../Drivers/CMSIS/Device/ST/STM32F7xx/Include -I../Drivers/CMSIS/Include -O0 -ffunction-sections -fdata-sections -Wall -fstack-usage -fcyclomatic-complexity -MMD -MP -MF"Drivers/STM32F7xx_HAL_Driver/Src/stm32f7xx_hal_pwr_ex.d" -MT"Drivers/STM32F7xx_HAL_Driver/Src/stm32f7xx_hal_pwr_ex.o" --specs=nano.specs -mfpu=fpv5-sp-d16 -mfloat-abi=hard -mthumb -o "Drivers/STM32F7xx_HAL_Driver/Src/stm32f7xx_hal_pwr_ex.o"
arm-none-eabi-gcc "../Drivers/STM32F7xx_HAL_Driver/Src/stm32f7xx_hal_rcc.c" -mcpu=cortex-m7 -std=gnu11 -g3 -DDEBUG -DUSE_HAL_DRIVER -DSTM32F746xx -c -I../Core/Inc -I../Drivers/STM32F7xx_HAL_Driver/Inc -I../Drivers/STM32F7xx_HAL_Driver/Inc/Legacy -I../Drivers/CMSIS/Device/ST/STM32F7xx/Include -I../Drivers/CMSIS/Include -O0 -ffunction-sections -fdata-sections -Wall -fstack-usage -fcyclomatic-complexity -MMD -MP -MF"Drivers/STM32F7xx_HAL_Driver/Src/stm32f7xx_hal_rcc.d" -MT"Drivers/STM32F7xx_HAL_Driver/Src/stm32f7xx_hal_rcc.o" --specs=nano.specs -mfpu=fpv5-sp-d16 -mfloat-abi=hard -mthumb -o "Drivers/STM32F7xx_HAL_Driver/Src/stm32f7xx_hal_rcc.o"
arm-none-eabi-gcc "../Drivers/STM32F7xx_HAL_Driver/Src/stm32f7xx_hal_rcc_ex.c" -mcpu=cortex-m7 -std=gnu11 -g3 -DDEBUG -DUSE_HAL_DRIVER -DSTM32F746xx -c -I../Core/Inc -I../Drivers/STM32F7xx_HAL_Driver/Inc -I../Drivers/STM32F7xx_HAL_Driver/Inc/Legacy -I../Drivers/CMSIS/Device/ST/STM32F7xx/Include -I../Drivers/CMSIS/Include -O0 -ffunction-sections -fdata-sections -Wall -fstack-usage -fcyclomatic-complexity -MMD -MP -MF"Drivers/STM32F7xx_HAL_Driver/Src/stm32f7xx_hal_rcc_ex.d" -MT"Drivers/STM32F7xx_HAL_Driver/Src/stm32f7xx_hal_rcc_ex.o" --specs=nano.specs -mfpu=fpv5-sp-d16 -mfloat-abi=hard -mthumb -o "Drivers/STM32F7xx_HAL_Driver/Src/stm32f7xx_hal_rcc_ex.o"
arm-none-eabi-gcc "../Drivers/STM32F7xx_HAL_Driver/Src/stm32f7xx_hal_tim.c" -mcpu=cortex-m7 -std=gnu11 -g3 -DDEBUG -DUSE_HAL_DRIVER -DSTM32F746xx -c -I../Core/Inc -I../Drivers/STM32F7xx_HAL_Driver/Inc -I../Drivers/STM32F7xx_HAL_Driver/Inc/Legacy -I../Drivers/CMSIS/Device/ST/STM32F7xx/Include -I../Drivers/CMSIS/Include -O0 -ffunction-sections -fdata-sections -Wall -fstack-usage -fcyclomatic-complexity -MMD -MP -MF"Drivers/STM32F7xx_HAL_Driver/Src/stm32f7xx_hal_tim.d" -MT"Drivers/STM32F7xx_HAL_Driver/Src/stm32f7xx_hal_tim.o" --specs=nano.specs -mfpu=fpv5-sp-d16 -mfloat-abi=hard -mthumb -o "Drivers/STM32F7xx_HAL_Driver/Src/stm32f7xx_hal_tim.o"
arm-none-eabi-gcc "../Drivers/STM32F7xx_HAL_Driver/Src/stm32f7xx_hal_tim_ex.c" -mcpu=cortex-m7 -std=gnu11 -g3 -DDEBUG -DUSE_HAL_DRIVER -DSTM32F746xx -c -I../Core/Inc -I../Drivers/STM32F7xx_HAL_Driver/Inc -I../Drivers/STM32F7xx_HAL_Driver/Inc/Legacy -I../Drivers/CMSIS/Device/ST/STM32F7xx/Include -I../Drivers/CMSIS/Include -O0 -ffunction-sections -fdata-sections -Wall -fstack-usage -fcyclomatic-complexity -MMD -MP -MF"Drivers/STM32F7xx_HAL_Driver/Src/stm32f7xx_hal_tim_ex.d" -MT"Drivers/STM32F7xx_HAL_Driver/Src/stm32f7xx_hal_tim_ex.o" --specs=nano.specs -mfpu=fpv5-sp-d16 -mfloat-abi=hard -mthumb -o "Drivers/STM32F7xx_HAL_Driver/Src/stm32f7xx_hal_tim_ex.o"
arm-none-eabi-gcc "../Core/Src/main.c" -mcpu=cortex-m7 -std=gnu11 -g3 -DDEBUG -DUSE_HAL_DRIVER -DSTM32F746xx -c -I../Core/Inc -I../Drivers/STM32F7xx_HAL_Driver/Inc -I../Drivers/STM32F7xx_HAL_Driver/Inc/Legacy -I../Drivers/CMSIS/Device/ST/STM32F7xx/Include -I../Drivers/CMSIS/Include -O0 -ffunction-sections -fdata-sections -Wall -fstack-usage -fcyclomatic-complexity -MMD -MP -MF"Core/Src/main.d" -MT"Core/Src/main.o" --specs=nano.specs -mfpu=fpv5-sp-d16 -mfloat-abi=hard -mthumb -o "Core/Src/main.o"
arm-none-eabi-gcc "../Core/Src/stm32f7xx_hal_msp.c" -mcpu=cortex-m7 -std=gnu11 -g3 -DDEBUG -DUSE_HAL_DRIVER -DSTM32F746xx -c -I../Core/Inc -I../Drivers/STM32F7xx_HAL_Driver/Inc -I../Drivers/STM32F7xx_HAL_Driver/Inc/Legacy -I../Drivers/CMSIS/Device/ST/STM32F7xx/Include -I../Drivers/CMSIS/Include -O0 -ffunction-sections -fdata-sections -Wall -fstack-usage -fcyclomatic-complexity -MMD -MP -MF"Core/Src/stm32f7xx_hal_msp.d" -MT"Core/Src/stm32f7xx_hal_msp.o" --specs=nano.specs -mfpu=fpv5-sp-d16 -mfloat-abi=hard -mthumb -o "Core/Src/stm32f7xx_hal_msp.o"
arm-none-eabi-gcc "../Core/Src/stm32f7xx_it.c" -mcpu=cortex-m7 -std=gnu11 -g3 -DDEBUG -DUSE_HAL_DRIVER -DSTM32F746xx -c -I../Core/Inc -I../Drivers/STM32F7xx_HAL_Driver/Inc -I../Drivers/STM32F7xx_HAL_Driver/Inc/Legacy -I../Drivers/CMSIS/Device/ST/STM32F7xx/Include -I../Drivers/CMSIS/Include -O0 -ffunction-sections -fdata-sections -Wall -fstack-usage -fcyclomatic-complexity -MMD -MP -MF"Core/Src/stm32f7xx_it.d" -MT"Core/Src/stm32f7xx_it.o" --specs=nano.specs -mfpu=fpv5-sp-d16 -mfloat-abi=hard -mthumb -o "Core/Src/stm32f7xx_it.o"
arm-none-eabi-gcc "../Core/Src/system_stm32f7xx.c" -mcpu=cortex-m7 -std=gnu11 -g3 -DDEBUG -DUSE_HAL_DRIVER -DSTM32F746xx -c -I../Core/Inc -I../Drivers/STM32F7xx_HAL_Driver/Inc -I../Drivers/STM32F7xx_HAL_Driver/Inc/Legacy -I../Drivers/CMSIS/Device/ST/STM32F7xx/Include -I../Drivers/CMSIS/Include -O0 -ffunction-sections -fdata-sections -Wall -fstack-usage -fcyclomatic-complexity -MMD -MP -MF"Core/Src/system_stm32f7xx.d" -MT"Core/Src/system_stm32f7xx.o" --specs=nano.specs -mfpu=fpv5-sp-d16 -mfloat-abi=hard -mthumb -o "Core/Src/system_stm32f7xx.o"
arm-none-eabi-gcc -o "TorqueSensor.elf" @"objects.list"   -mcpu=cortex-m7 -T"C:\Users\asus\STM32CubeIDE\workspace_1.14.1\TorqueSensor\STM32F746NGHX_FLASH.ld" --specs=nosys.specs -Wl,-Map="TorqueSensor.map" -Wl,--gc-sections -static --specs=nano.specs -mfpu=fpv5-sp-d16 -mfloat-abi=hard -mthumb -u _printf_float -u _scanf_float -Wl,--start-group -lc -lm -Wl,--end-group
C:/ST/STM32CubeIDE_1.14.1/STM32CubeIDE/plugins/com.st.stm32cube.ide.mcu.externaltools.gnu-tools-for-stm32.12.3.rel1.win32_1.0.100.202403111256/tools/bin/../lib/gcc/arm-none-eabi/12.3.1/../../../../arm-none-eabi/bin/ld.exe: warning: TorqueSensor.elf has a LOAD segment with RWX permissions
Finished building target: TorqueSensor.elf
 
arm-none-eabi-size  TorqueSensor.elf 
arm-none-eabi-objdump -h -S TorqueSensor.elf  > "TorqueSensor.list"
   text	   data	    bss	    dec	    hex	filename
  30684	    476	   1996	  33156	   8184	TorqueSensor.elf
Finished building: default.size.stdout
 
Finished building: TorqueSensor.list
 

**** Build of configuration Debug for project adc ****

Nothing to build for project adc
14:16:51 **** Build of configuration Debug for project couplemetre ****
make -j8 all 
arm-none-eabi-size  couplemetre.elf 
   text	   data	    bss	    dec	    hex	filename
   9548	     12	   1684	  11244	   2bec	couplemetre.elf
Finished building: default.size.stdout
 

**** Build of configuration Debug for project freeRTOS ****

Nothing to build for project freeRTOS
14:16:51 **** Incremental Build of configuration Debug for project test_1 ****
make -j8 all 
arm-none-eabi-size  test_1.elf 
   text	   data	    bss	    dec	    hex	filename
   4808	     20	   1572	   6400	   1900	test_1.elf
Finished building: default.size.stdout
 
14:16:52 **** Incremental Build of configuration Debug for project torquesensor_OS ****
make -j8 all 
arm-none-eabi-size  torquesensor_OS.elf 
   text	   data	    bss	    dec	    hex	filename
  46092	    480	  18416	  64988	   fddc	torquesensor_OS.elf
Finished building: default.size.stdout
 
14:18:31 **** Incremental Build of configuration Debug for project ADC_Value ****
make -j8 all 
arm-none-eabi-size  ADC_Value.elf 
   text	   data	    bss	    dec	    hex	filename
   8884	     12	   1660	  10556	   293c	ADC_Value.elf
Finished building: default.size.stdout
 
14:18:31 **** Incremental Build of configuration Debug for project Encodeur ****
make -j8 all 
arm-none-eabi-gcc "../Core/Src/main.c" -mcpu=cortex-m4 -std=gnu11 -g3 -DDEBUG -DUSE_HAL_DRIVER -DSTM32F411xE -c -I../Core/Inc -IC:/Users/asus/STM32Cube/Repository/STM32Cube_FW_F4_V1.28.0/Drivers/STM32F4xx_HAL_Driver/Inc -IC:/Users/asus/STM32Cube/Repository/STM32Cube_FW_F4_V1.28.0/Drivers/STM32F4xx_HAL_Driver/Inc/Legacy -IC:/Users/asus/STM32Cube/Repository/STM32Cube_FW_F4_V1.28.0/Drivers/CMSIS/Device/ST/STM32F4xx/Include -IC:/Users/asus/STM32Cube/Repository/STM32Cube_FW_F4_V1.28.0/Drivers/CMSIS/Include -O0 -ffunction-sections -fdata-sections -Wall -fstack-usage -fcyclomatic-complexity -MMD -MP -MF"Core/Src/main.d" -MT"Core/Src/main.o" --specs=nano.specs -mfpu=fpv4-sp-d16 -mfloat-abi=hard -mthumb -o "Core/Src/main.o"
arm-none-eabi-gcc -o "Encodeur.elf" @"objects.list"   -mcpu=cortex-m4 -T"C:\Users\asus\STM32CubeIDE\workspace_1.14.1\Encodeur\STM32F411VETX_FLASH.ld" --specs=nosys.specs -Wl,-Map="Encodeur.map" -Wl,--gc-sections -static --specs=nano.specs -mfpu=fpv4-sp-d16 -mfloat-abi=hard -mthumb -u _printf_float -u _scanf_float -Wl,--start-group -lc -lm -Wl,--end-group
Finished building target: Encodeur.elf
 
arm-none-eabi-size  Encodeur.elf 
arm-none-eabi-objdump -h -S Encodeur.elf  > "Encodeur.list"
   text	   data	    bss	    dec	    hex	filename
  32084	    468	   2100	  34652	   875c	Encodeur.elf
Finished building: default.size.stdout
 
Finished building: Encodeur.list
 
14:18:32 **** Incremental Build of configuration Debug for project TorqueSensor ****
make -j8 all 
arm-none-eabi-size  TorqueSensor.elf 
   text	   data	    bss	    dec	    hex	filename
  30684	    476	   1996	  33156	   8184	TorqueSensor.elf
Finished building: default.size.stdout
 

**** Build of configuration Debug for project adc ****

Nothing to build for project adc
14:18:33 **** Incremental Build of configuration Debug for project couplemetre ****
make -j8 all 
arm-none-eabi-size  couplemetre.elf 
   text	   data	    bss	    dec	    hex	filename
   9548	     12	   1684	  11244	   2bec	couplemetre.elf
Finished building: default.size.stdout
 

**** Build of configuration Debug for project freeRTOS ****

Nothing to build for project freeRTOS
14:18:33 **** Incremental Build of configuration Debug for project test_1 ****
make -j8 all 
arm-none-eabi-size  test_1.elf 
   text	   data	    bss	    dec	    hex	filename
   4808	     20	   1572	   6400	   1900	test_1.elf
Finished building: default.size.stdout
 
14:18:33 **** Incremental Build of configuration Debug for project torquesensor_OS ****
make -j8 all 
arm-none-eabi-size  torquesensor_OS.elf 
   text	   data	    bss	    dec	    hex	filename
  46092	    480	  18416	  64988	   fddc	torquesensor_OS.elf
Finished building: default.size.stdout
 
14:18:57 **** Incremental Build of configuration Debug for project ADC_Value ****
make -j8 all 
arm-none-eabi-size  ADC_Value.elf 
   text	   data	    bss	    dec	    hex	filename
   8884	     12	   1660	  10556	   293c	ADC_Value.elf
Finished building: default.size.stdout
 
14:18:57 **** Incremental Build of configuration Debug for project Encodeur ****
make -j8 all 
arm-none-eabi-size  Encodeur.elf 
   text	   data	    bss	    dec	    hex	filename
  32084	    468	   2100	  34652	   875c	Encodeur.elf
Finished building: default.size.stdout
 
14:18:57 **** Incremental Build of configuration Debug for project TorqueSensor ****
make -j8 all 
arm-none-eabi-size  TorqueSensor.elf 
   text	   data	    bss	    dec	    hex	filename
  30684	    476	   1996	  33156	   8184	TorqueSensor.elf
Finished building: default.size.stdout
 

**** Build of configuration Debug for project adc ****

Nothing to build for project adc
14:18:58 **** Incremental Build of configuration Debug for project couplemetre ****
make -j8 all 
arm-none-eabi-size  couplemetre.elf 
   text	   data	    bss	    dec	    hex	filename
   9548	     12	   1684	  11244	   2bec	couplemetre.elf
Finished building: default.size.stdout
 

**** Build of configuration Debug for project freeRTOS ****

Nothing to build for project freeRTOS
14:18:58 **** Incremental Build of configuration Debug for project test_1 ****
make -j8 all 
arm-none-eabi-size  test_1.elf 
   text	   data	    bss	    dec	    hex	filename
   4808	     20	   1572	   6400	   1900	test_1.elf
Finished building: default.size.stdout
 
14:18:58 **** Incremental Build of configuration Debug for project torquesensor_OS ****
make -j8 all 
arm-none-eabi-size  torquesensor_OS.elf 
   text	   data	    bss	    dec	    hex	filename
  46092	    480	  18416	  64988	   fddc	torquesensor_OS.elf
Finished building: default.size.stdout
 
14:19:04 **** Incremental Build of configuration Debug for project Encodeur ****
make -j8 all 
arm-none-eabi-size  Encodeur.elf 
   text	   data	    bss	    dec	    hex	filename
  32084	    468	   2100	  34652	   875c	Encodeur.elf
Finished building: default.size.stdout
 
11:17:37 **** Incremental Build of configuration Debug for project ADC_Value ****
make -j8 all 
arm-none-eabi-size  ADC_Value.elf 
   text	   data	    bss	    dec	    hex	filename
   8884	     12	   1660	  10556	   293c	ADC_Value.elf
Finished building: default.size.stdout
 
11:17:39 **** Incremental Build of configuration Debug for project Encodeur ****
make -j8 all 
arm-none-eabi-size  Encodeur.elf 
   text	   data	    bss	    dec	    hex	filename
  32084	    468	   2100	  34652	   875c	Encodeur.elf
Finished building: default.size.stdout
 
11:17:40 **** Incremental Build of configuration Debug for project TorqueSensor ****
make -j8 all 
arm-none-eabi-size  TorqueSensor.elf 
   text	   data	    bss	    dec	    hex	filename
  30684	    476	   1996	  33156	   8184	TorqueSensor.elf
Finished building: default.size.stdout
 

**** Build of configuration Debug for project adc ****

Nothing to build for project adc
11:17:41 **** Incremental Build of configuration Debug for project couplemetre ****
make -j8 all 
arm-none-eabi-size  couplemetre.elf 
   text	   data	    bss	    dec	    hex	filename
   9548	     12	   1684	  11244	   2bec	couplemetre.elf
Finished building: default.size.stdout
 

**** Build of configuration Debug for project freeRTOS ****

Nothing to build for project freeRTOS
11:17:41 **** Incremental Build of configuration Debug for project test_1 ****
make -j8 all 
arm-none-eabi-size  test_1.elf 
   text	   data	    bss	    dec	    hex	filename
   4808	     20	   1572	   6400	   1900	test_1.elf
Finished building: default.size.stdout
 
11:17:42 **** Incremental Build of configuration Debug for project torquesensor_OS ****
make -j8 all 
arm-none-eabi-size  torquesensor_OS.elf 
   text	   data	    bss	    dec	    hex	filename
  46092	    480	  18416	  64988	   fddc	torquesensor_OS.elf
Finished building: default.size.stdout
 
11:18:02 **** Incremental Build of configuration Debug for project ADC_Value ****
make -j8 all 
arm-none-eabi-size  ADC_Value.elf 
   text	   data	    bss	    dec	    hex	filename
   8884	     12	   1660	  10556	   293c	ADC_Value.elf
Finished building: default.size.stdout
 
11:18:02 **** Incremental Build of configuration Debug for project Encodeur ****
make -j8 all 
arm-none-eabi-size  Encodeur.elf 
   text	   data	    bss	    dec	    hex	filename
  32084	    468	   2100	  34652	   875c	Encodeur.elf
Finished building: default.size.stdout
 
11:18:03 **** Incremental Build of configuration Debug for project TorqueSensor ****
make -j8 all 
arm-none-eabi-size  TorqueSensor.elf 
   text	   data	    bss	    dec	    hex	filename
  30684	    476	   1996	  33156	   8184	TorqueSensor.elf
Finished building: default.size.stdout
 

**** Build of configuration Debug for project adc ****

Nothing to build for project adc
11:18:03 **** Incremental Build of configuration Debug for project couplemetre ****
make -j8 all 
arm-none-eabi-size  couplemetre.elf 
   text	   data	    bss	    dec	    hex	filename
   9548	     12	   1684	  11244	   2bec	couplemetre.elf
Finished building: default.size.stdout
 

**** Build of configuration Debug for project freeRTOS ****

Nothing to build for project freeRTOS
11:18:04 **** Incremental Build of configuration Debug for project test_1 ****
make -j8 all 
arm-none-eabi-size  test_1.elf 
   text	   data	    bss	    dec	    hex	filename
   4808	     20	   1572	   6400	   1900	test_1.elf
Finished building: default.size.stdout
 
11:18:04 **** Incremental Build of configuration Debug for project torquesensor_OS ****
make -j8 all 
arm-none-eabi-size  torquesensor_OS.elf 
   text	   data	    bss	    dec	    hex	filename
  46092	    480	  18416	  64988	   fddc	torquesensor_OS.elf
Finished building: default.size.stdout
 
12:13:45 **** Incremental Build of configuration Debug for project ADC_Value ****
make -j8 all 
arm-none-eabi-size  ADC_Value.elf 
   text	   data	    bss	    dec	    hex	filename
   8884	     12	   1660	  10556	   293c	ADC_Value.elf
Finished building: default.size.stdout
 
12:13:47 **** Incremental Build of configuration Debug for project Encodeur ****
make -j8 all 
arm-none-eabi-gcc "../Core/Src/main.c" -mcpu=cortex-m4 -std=gnu11 -g3 -DDEBUG -DUSE_HAL_DRIVER -DSTM32F411xE -c -I../Core/Inc -IC:/Users/asus/STM32Cube/Repository/STM32Cube_FW_F4_V1.28.0/Drivers/STM32F4xx_HAL_Driver/Inc -IC:/Users/asus/STM32Cube/Repository/STM32Cube_FW_F4_V1.28.0/Drivers/STM32F4xx_HAL_Driver/Inc/Legacy -IC:/Users/asus/STM32Cube/Repository/STM32Cube_FW_F4_V1.28.0/Drivers/CMSIS/Device/ST/STM32F4xx/Include -IC:/Users/asus/STM32Cube/Repository/STM32Cube_FW_F4_V1.28.0/Drivers/CMSIS/Include -O0 -ffunction-sections -fdata-sections -Wall -fstack-usage -fcyclomatic-complexity -MMD -MP -MF"Core/Src/main.d" -MT"Core/Src/main.o" --specs=nano.specs -mfpu=fpv4-sp-d16 -mfloat-abi=hard -mthumb -o "Core/Src/main.o"
arm-none-eabi-gcc "../Core/Src/tim.c" -mcpu=cortex-m4 -std=gnu11 -g3 -DDEBUG -DUSE_HAL_DRIVER -DSTM32F411xE -c -I../Core/Inc -IC:/Users/asus/STM32Cube/Repository/STM32Cube_FW_F4_V1.28.0/Drivers/STM32F4xx_HAL_Driver/Inc -IC:/Users/asus/STM32Cube/Repository/STM32Cube_FW_F4_V1.28.0/Drivers/STM32F4xx_HAL_Driver/Inc/Legacy -IC:/Users/asus/STM32Cube/Repository/STM32Cube_FW_F4_V1.28.0/Drivers/CMSIS/Device/ST/STM32F4xx/Include -IC:/Users/asus/STM32Cube/Repository/STM32Cube_FW_F4_V1.28.0/Drivers/CMSIS/Include -O0 -ffunction-sections -fdata-sections -Wall -fstack-usage -fcyclomatic-complexity -MMD -MP -MF"Core/Src/tim.d" -MT"Core/Src/tim.o" --specs=nano.specs -mfpu=fpv4-sp-d16 -mfloat-abi=hard -mthumb -o "Core/Src/tim.o"
../Core/Src/main.c: In function 'main':
../Core/Src/main.c:94:3: warning: implicit declaration of function 'MX_TIM3_Init'; did you mean 'MX_TIM2_Init'? [-Wimplicit-function-declaration]
   94 |   MX_TIM3_Init(); // Initialize Timer 2 for encoder
      |   ^~~~~~~~~~~~
      |   MX_TIM2_Init
../Core/Src/main.c:99:26: error: 'htim3' undeclared (first use in this function); did you mean 'htim2'?
   99 |   HAL_TIM_Base_Start_IT(&htim3); // Start Timer 2 with interrupt
      |                          ^~~~~
      |                          htim2
../Core/Src/main.c:99:26: note: each undeclared identifier is reported only once for each function it appears in
make: *** [Core/Src/subdir.mk:43: Core/Src/main.o] Error 1
make: *** Waiting for unfinished jobs....
"make -j8 all" terminated with exit code 2. Build might be incomplete.
12:13:51 **** Build of configuration Debug for project MAGTROL_TS100 ****
make -j8 all 
arm-none-eabi-gcc "../Middlewares/Third_Party/FreeRTOS/Source/portable/MemMang/heap_4.c" -mcpu=cortex-m4 -std=gnu11 -g3 -DDEBUG -DUSE_HAL_DRIVER -DSTM32F411xE -c -I../Core/Inc -I../Drivers/STM32F4xx_HAL_Driver/Inc -I../Drivers/STM32F4xx_HAL_Driver/Inc/Legacy -I../Drivers/CMSIS/Device/ST/STM32F4xx/Include -I../Drivers/CMSIS/Include -I../Middlewares/Third_Party/FreeRTOS/Source/include -I../Middlewares/Third_Party/FreeRTOS/Source/CMSIS_RTOS -I../Middlewares/Third_Party/FreeRTOS/Source/portable/GCC/ARM_CM4F -O0 -ffunction-sections -fdata-sections -Wall -fstack-usage -fcyclomatic-complexity -MMD -MP -MF"Middlewares/Third_Party/FreeRTOS/Source/portable/MemMang/heap_4.d" -MT"Middlewares/Third_Party/FreeRTOS/Source/portable/MemMang/heap_4.o" --specs=nano.specs -mfpu=fpv4-sp-d16 -mfloat-abi=hard -mthumb -o "Middlewares/Third_Party/FreeRTOS/Source/portable/MemMang/heap_4.o"
arm-none-eabi-gcc "../Middlewares/Third_Party/FreeRTOS/Source/portable/GCC/ARM_CM4F/port.c" -mcpu=cortex-m4 -std=gnu11 -g3 -DDEBUG -DUSE_HAL_DRIVER -DSTM32F411xE -c -I../Core/Inc -I../Drivers/STM32F4xx_HAL_Driver/Inc -I../Drivers/STM32F4xx_HAL_Driver/Inc/Legacy -I../Drivers/CMSIS/Device/ST/STM32F4xx/Include -I../Drivers/CMSIS/Include -I../Middlewares/Third_Party/FreeRTOS/Source/include -I../Middlewares/Third_Party/FreeRTOS/Source/CMSIS_RTOS -I../Middlewares/Third_Party/FreeRTOS/Source/portable/GCC/ARM_CM4F -O0 -ffunction-sections -fdata-sections -Wall -fstack-usage -fcyclomatic-complexity -MMD -MP -MF"Middlewares/Third_Party/FreeRTOS/Source/portable/GCC/ARM_CM4F/port.d" -MT"Middlewares/Third_Party/FreeRTOS/Source/portable/GCC/ARM_CM4F/port.o" --specs=nano.specs -mfpu=fpv4-sp-d16 -mfloat-abi=hard -mthumb -o "Middlewares/Third_Party/FreeRTOS/Source/portable/GCC/ARM_CM4F/port.o"
arm-none-eabi-gcc "../Middlewares/Third_Party/FreeRTOS/Source/CMSIS_RTOS/cmsis_os.c" -mcpu=cortex-m4 -std=gnu11 -g3 -DDEBUG -DUSE_HAL_DRIVER -DSTM32F411xE -c -I../Core/Inc -I../Drivers/STM32F4xx_HAL_Driver/Inc -I../Drivers/STM32F4xx_HAL_Driver/Inc/Legacy -I../Drivers/CMSIS/Device/ST/STM32F4xx/Include -I../Drivers/CMSIS/Include -I../Middlewares/Third_Party/FreeRTOS/Source/include -I../Middlewares/Third_Party/FreeRTOS/Source/CMSIS_RTOS -I../Middlewares/Third_Party/FreeRTOS/Source/portable/GCC/ARM_CM4F -O0 -ffunction-sections -fdata-sections -Wall -fstack-usage -fcyclomatic-complexity -MMD -MP -MF"Middlewares/Third_Party/FreeRTOS/Source/CMSIS_RTOS/cmsis_os.d" -MT"Middlewares/Third_Party/FreeRTOS/Source/CMSIS_RTOS/cmsis_os.o" --specs=nano.specs -mfpu=fpv4-sp-d16 -mfloat-abi=hard -mthumb -o "Middlewares/Third_Party/FreeRTOS/Source/CMSIS_RTOS/cmsis_os.o"
arm-none-eabi-gcc "../Middlewares/Third_Party/FreeRTOS/Source/croutine.c" -mcpu=cortex-m4 -std=gnu11 -g3 -DDEBUG -DUSE_HAL_DRIVER -DSTM32F411xE -c -I../Core/Inc -I../Drivers/STM32F4xx_HAL_Driver/Inc -I../Drivers/STM32F4xx_HAL_Driver/Inc/Legacy -I../Drivers/CMSIS/Device/ST/STM32F4xx/Include -I../Drivers/CMSIS/Include -I../Middlewares/Third_Party/FreeRTOS/Source/include -I../Middlewares/Third_Party/FreeRTOS/Source/CMSIS_RTOS -I../Middlewares/Third_Party/FreeRTOS/Source/portable/GCC/ARM_CM4F -O0 -ffunction-sections -fdata-sections -Wall -fstack-usage -fcyclomatic-complexity -MMD -MP -MF"Middlewares/Third_Party/FreeRTOS/Source/croutine.d" -MT"Middlewares/Third_Party/FreeRTOS/Source/croutine.o" --specs=nano.specs -mfpu=fpv4-sp-d16 -mfloat-abi=hard -mthumb -o "Middlewares/Third_Party/FreeRTOS/Source/croutine.o"
arm-none-eabi-gcc "../Middlewares/Third_Party/FreeRTOS/Source/event_groups.c" -mcpu=cortex-m4 -std=gnu11 -g3 -DDEBUG -DUSE_HAL_DRIVER -DSTM32F411xE -c -I../Core/Inc -I../Drivers/STM32F4xx_HAL_Driver/Inc -I../Drivers/STM32F4xx_HAL_Driver/Inc/Legacy -I../Drivers/CMSIS/Device/ST/STM32F4xx/Include -I../Drivers/CMSIS/Include -I../Middlewares/Third_Party/FreeRTOS/Source/include -I../Middlewares/Third_Party/FreeRTOS/Source/CMSIS_RTOS -I../Middlewares/Third_Party/FreeRTOS/Source/portable/GCC/ARM_CM4F -O0 -ffunction-sections -fdata-sections -Wall -fstack-usage -fcyclomatic-complexity -MMD -MP -MF"Middlewares/Third_Party/FreeRTOS/Source/event_groups.d" -MT"Middlewares/Third_Party/FreeRTOS/Source/event_groups.o" --specs=nano.specs -mfpu=fpv4-sp-d16 -mfloat-abi=hard -mthumb -o "Middlewares/Third_Party/FreeRTOS/Source/event_groups.o"
arm-none-eabi-gcc "../Middlewares/Third_Party/FreeRTOS/Source/list.c" -mcpu=cortex-m4 -std=gnu11 -g3 -DDEBUG -DUSE_HAL_DRIVER -DSTM32F411xE -c -I../Core/Inc -I../Drivers/STM32F4xx_HAL_Driver/Inc -I../Drivers/STM32F4xx_HAL_Driver/Inc/Legacy -I../Drivers/CMSIS/Device/ST/STM32F4xx/Include -I../Drivers/CMSIS/Include -I../Middlewares/Third_Party/FreeRTOS/Source/include -I../Middlewares/Third_Party/FreeRTOS/Source/CMSIS_RTOS -I../Middlewares/Third_Party/FreeRTOS/Source/portable/GCC/ARM_CM4F -O0 -ffunction-sections -fdata-sections -Wall -fstack-usage -fcyclomatic-complexity -MMD -MP -MF"Middlewares/Third_Party/FreeRTOS/Source/list.d" -MT"Middlewares/Third_Party/FreeRTOS/Source/list.o" --specs=nano.specs -mfpu=fpv4-sp-d16 -mfloat-abi=hard -mthumb -o "Middlewares/Third_Party/FreeRTOS/Source/list.o"
arm-none-eabi-gcc "../Middlewares/Third_Party/FreeRTOS/Source/queue.c" -mcpu=cortex-m4 -std=gnu11 -g3 -DDEBUG -DUSE_HAL_DRIVER -DSTM32F411xE -c -I../Core/Inc -I../Drivers/STM32F4xx_HAL_Driver/Inc -I../Drivers/STM32F4xx_HAL_Driver/Inc/Legacy -I../Drivers/CMSIS/Device/ST/STM32F4xx/Include -I../Drivers/CMSIS/Include -I../Middlewares/Third_Party/FreeRTOS/Source/include -I../Middlewares/Third_Party/FreeRTOS/Source/CMSIS_RTOS -I../Middlewares/Third_Party/FreeRTOS/Source/portable/GCC/ARM_CM4F -O0 -ffunction-sections -fdata-sections -Wall -fstack-usage -fcyclomatic-complexity -MMD -MP -MF"Middlewares/Third_Party/FreeRTOS/Source/queue.d" -MT"Middlewares/Third_Party/FreeRTOS/Source/queue.o" --specs=nano.specs -mfpu=fpv4-sp-d16 -mfloat-abi=hard -mthumb -o "Middlewares/Third_Party/FreeRTOS/Source/queue.o"
arm-none-eabi-gcc "../Middlewares/Third_Party/FreeRTOS/Source/stream_buffer.c" -mcpu=cortex-m4 -std=gnu11 -g3 -DDEBUG -DUSE_HAL_DRIVER -DSTM32F411xE -c -I../Core/Inc -I../Drivers/STM32F4xx_HAL_Driver/Inc -I../Drivers/STM32F4xx_HAL_Driver/Inc/Legacy -I../Drivers/CMSIS/Device/ST/STM32F4xx/Include -I../Drivers/CMSIS/Include -I../Middlewares/Third_Party/FreeRTOS/Source/include -I../Middlewares/Third_Party/FreeRTOS/Source/CMSIS_RTOS -I../Middlewares/Third_Party/FreeRTOS/Source/portable/GCC/ARM_CM4F -O0 -ffunction-sections -fdata-sections -Wall -fstack-usage -fcyclomatic-complexity -MMD -MP -MF"Middlewares/Third_Party/FreeRTOS/Source/stream_buffer.d" -MT"Middlewares/Third_Party/FreeRTOS/Source/stream_buffer.o" --specs=nano.specs -mfpu=fpv4-sp-d16 -mfloat-abi=hard -mthumb -o "Middlewares/Third_Party/FreeRTOS/Source/stream_buffer.o"
arm-none-eabi-gcc "../Middlewares/Third_Party/FreeRTOS/Source/tasks.c" -mcpu=cortex-m4 -std=gnu11 -g3 -DDEBUG -DUSE_HAL_DRIVER -DSTM32F411xE -c -I../Core/Inc -I../Drivers/STM32F4xx_HAL_Driver/Inc -I../Drivers/STM32F4xx_HAL_Driver/Inc/Legacy -I../Drivers/CMSIS/Device/ST/STM32F4xx/Include -I../Drivers/CMSIS/Include -I../Middlewares/Third_Party/FreeRTOS/Source/include -I../Middlewares/Third_Party/FreeRTOS/Source/CMSIS_RTOS -I../Middlewares/Third_Party/FreeRTOS/Source/portable/GCC/ARM_CM4F -O0 -ffunction-sections -fdata-sections -Wall -fstack-usage -fcyclomatic-complexity -MMD -MP -MF"Middlewares/Third_Party/FreeRTOS/Source/tasks.d" -MT"Middlewares/Third_Party/FreeRTOS/Source/tasks.o" --specs=nano.specs -mfpu=fpv4-sp-d16 -mfloat-abi=hard -mthumb -o "Middlewares/Third_Party/FreeRTOS/Source/tasks.o"
arm-none-eabi-gcc "../Middlewares/Third_Party/FreeRTOS/Source/timers.c" -mcpu=cortex-m4 -std=gnu11 -g3 -DDEBUG -DUSE_HAL_DRIVER -DSTM32F411xE -c -I../Core/Inc -I../Drivers/STM32F4xx_HAL_Driver/Inc -I../Drivers/STM32F4xx_HAL_Driver/Inc/Legacy -I../Drivers/CMSIS/Device/ST/STM32F4xx/Include -I../Drivers/CMSIS/Include -I../Middlewares/Third_Party/FreeRTOS/Source/include -I../Middlewares/Third_Party/FreeRTOS/Source/CMSIS_RTOS -I../Middlewares/Third_Party/FreeRTOS/Source/portable/GCC/ARM_CM4F -O0 -ffunction-sections -fdata-sections -Wall -fstack-usage -fcyclomatic-complexity -MMD -MP -MF"Middlewares/Third_Party/FreeRTOS/Source/timers.d" -MT"Middlewares/Third_Party/FreeRTOS/Source/timers.o" --specs=nano.specs -mfpu=fpv4-sp-d16 -mfloat-abi=hard -mthumb -o "Middlewares/Third_Party/FreeRTOS/Source/timers.o"
arm-none-eabi-gcc "../Drivers/STM32F4xx_HAL_Driver/Src/stm32f4xx_hal.c" -mcpu=cortex-m4 -std=gnu11 -g3 -DDEBUG -DUSE_HAL_DRIVER -DSTM32F411xE -c -I../Core/Inc -I../Drivers/STM32F4xx_HAL_Driver/Inc -I../Drivers/STM32F4xx_HAL_Driver/Inc/Legacy -I../Drivers/CMSIS/Device/ST/STM32F4xx/Include -I../Drivers/CMSIS/Include -I../Middlewares/Third_Party/FreeRTOS/Source/include -I../Middlewares/Third_Party/FreeRTOS/Source/CMSIS_RTOS -I../Middlewares/Third_Party/FreeRTOS/Source/portable/GCC/ARM_CM4F -O0 -ffunction-sections -fdata-sections -Wall -fstack-usage -fcyclomatic-complexity -MMD -MP -MF"Drivers/STM32F4xx_HAL_Driver/Src/stm32f4xx_hal.d" -MT"Drivers/STM32F4xx_HAL_Driver/Src/stm32f4xx_hal.o" --specs=nano.specs -mfpu=fpv4-sp-d16 -mfloat-abi=hard -mthumb -o "Drivers/STM32F4xx_HAL_Driver/Src/stm32f4xx_hal.o"
arm-none-eabi-gcc "../Drivers/STM32F4xx_HAL_Driver/Src/stm32f4xx_hal_adc.c" -mcpu=cortex-m4 -std=gnu11 -g3 -DDEBUG -DUSE_HAL_DRIVER -DSTM32F411xE -c -I../Core/Inc -I../Drivers/STM32F4xx_HAL_Driver/Inc -I../Drivers/STM32F4xx_HAL_Driver/Inc/Legacy -I../Drivers/CMSIS/Device/ST/STM32F4xx/Include -I../Drivers/CMSIS/Include -I../Middlewares/Third_Party/FreeRTOS/Source/include -I../Middlewares/Third_Party/FreeRTOS/Source/CMSIS_RTOS -I../Middlewares/Third_Party/FreeRTOS/Source/portable/GCC/ARM_CM4F -O0 -ffunction-sections -fdata-sections -Wall -fstack-usage -fcyclomatic-complexity -MMD -MP -MF"Drivers/STM32F4xx_HAL_Driver/Src/stm32f4xx_hal_adc.d" -MT"Drivers/STM32F4xx_HAL_Driver/Src/stm32f4xx_hal_adc.o" --specs=nano.specs -mfpu=fpv4-sp-d16 -mfloat-abi=hard -mthumb -o "Drivers/STM32F4xx_HAL_Driver/Src/stm32f4xx_hal_adc.o"
arm-none-eabi-gcc "../Drivers/STM32F4xx_HAL_Driver/Src/stm32f4xx_hal_adc_ex.c" -mcpu=cortex-m4 -std=gnu11 -g3 -DDEBUG -DUSE_HAL_DRIVER -DSTM32F411xE -c -I../Core/Inc -I../Drivers/STM32F4xx_HAL_Driver/Inc -I../Drivers/STM32F4xx_HAL_Driver/Inc/Legacy -I../Drivers/CMSIS/Device/ST/STM32F4xx/Include -I../Drivers/CMSIS/Include -I../Middlewares/Third_Party/FreeRTOS/Source/include -I../Middlewares/Third_Party/FreeRTOS/Source/CMSIS_RTOS -I../Middlewares/Third_Party/FreeRTOS/Source/portable/GCC/ARM_CM4F -O0 -ffunction-sections -fdata-sections -Wall -fstack-usage -fcyclomatic-complexity -MMD -MP -MF"Drivers/STM32F4xx_HAL_Driver/Src/stm32f4xx_hal_adc_ex.d" -MT"Drivers/STM32F4xx_HAL_Driver/Src/stm32f4xx_hal_adc_ex.o" --specs=nano.specs -mfpu=fpv4-sp-d16 -mfloat-abi=hard -mthumb -o "Drivers/STM32F4xx_HAL_Driver/Src/stm32f4xx_hal_adc_ex.o"
arm-none-eabi-gcc "../Drivers/STM32F4xx_HAL_Driver/Src/stm32f4xx_hal_cortex.c" -mcpu=cortex-m4 -std=gnu11 -g3 -DDEBUG -DUSE_HAL_DRIVER -DSTM32F411xE -c -I../Core/Inc -I../Drivers/STM32F4xx_HAL_Driver/Inc -I../Drivers/STM32F4xx_HAL_Driver/Inc/Legacy -I../Drivers/CMSIS/Device/ST/STM32F4xx/Include -I../Drivers/CMSIS/Include -I../Middlewares/Third_Party/FreeRTOS/Source/include -I../Middlewares/Third_Party/FreeRTOS/Source/CMSIS_RTOS -I../Middlewares/Third_Party/FreeRTOS/Source/portable/GCC/ARM_CM4F -O0 -ffunction-sections -fdata-sections -Wall -fstack-usage -fcyclomatic-complexity -MMD -MP -MF"Drivers/STM32F4xx_HAL_Driver/Src/stm32f4xx_hal_cortex.d" -MT"Drivers/STM32F4xx_HAL_Driver/Src/stm32f4xx_hal_cortex.o" --specs=nano.specs -mfpu=fpv4-sp-d16 -mfloat-abi=hard -mthumb -o "Drivers/STM32F4xx_HAL_Driver/Src/stm32f4xx_hal_cortex.o"
arm-none-eabi-gcc "../Drivers/STM32F4xx_HAL_Driver/Src/stm32f4xx_hal_dma.c" -mcpu=cortex-m4 -std=gnu11 -g3 -DDEBUG -DUSE_HAL_DRIVER -DSTM32F411xE -c -I../Core/Inc -I../Drivers/STM32F4xx_HAL_Driver/Inc -I../Drivers/STM32F4xx_HAL_Driver/Inc/Legacy -I../Drivers/CMSIS/Device/ST/STM32F4xx/Include -I../Drivers/CMSIS/Include -I../Middlewares/Third_Party/FreeRTOS/Source/include -I../Middlewares/Third_Party/FreeRTOS/Source/CMSIS_RTOS -I../Middlewares/Third_Party/FreeRTOS/Source/portable/GCC/ARM_CM4F -O0 -ffunction-sections -fdata-sections -Wall -fstack-usage -fcyclomatic-complexity -MMD -MP -MF"Drivers/STM32F4xx_HAL_Driver/Src/stm32f4xx_hal_dma.d" -MT"Drivers/STM32F4xx_HAL_Driver/Src/stm32f4xx_hal_dma.o" --specs=nano.specs -mfpu=fpv4-sp-d16 -mfloat-abi=hard -mthumb -o "Drivers/STM32F4xx_HAL_Driver/Src/stm32f4xx_hal_dma.o"
arm-none-eabi-gcc "../Drivers/STM32F4xx_HAL_Driver/Src/stm32f4xx_hal_dma_ex.c" -mcpu=cortex-m4 -std=gnu11 -g3 -DDEBUG -DUSE_HAL_DRIVER -DSTM32F411xE -c -I../Core/Inc -I../Drivers/STM32F4xx_HAL_Driver/Inc -I../Drivers/STM32F4xx_HAL_Driver/Inc/Legacy -I../Drivers/CMSIS/Device/ST/STM32F4xx/Include -I../Drivers/CMSIS/Include -I../Middlewares/Third_Party/FreeRTOS/Source/include -I../Middlewares/Third_Party/FreeRTOS/Source/CMSIS_RTOS -I../Middlewares/Third_Party/FreeRTOS/Source/portable/GCC/ARM_CM4F -O0 -ffunction-sections -fdata-sections -Wall -fstack-usage -fcyclomatic-complexity -MMD -MP -MF"Drivers/STM32F4xx_HAL_Driver/Src/stm32f4xx_hal_dma_ex.d" -MT"Drivers/STM32F4xx_HAL_Driver/Src/stm32f4xx_hal_dma_ex.o" --specs=nano.specs -mfpu=fpv4-sp-d16 -mfloat-abi=hard -mthumb -o "Drivers/STM32F4xx_HAL_Driver/Src/stm32f4xx_hal_dma_ex.o"
arm-none-eabi-gcc "../Drivers/STM32F4xx_HAL_Driver/Src/stm32f4xx_hal_exti.c" -mcpu=cortex-m4 -std=gnu11 -g3 -DDEBUG -DUSE_HAL_DRIVER -DSTM32F411xE -c -I../Core/Inc -I../Drivers/STM32F4xx_HAL_Driver/Inc -I../Drivers/STM32F4xx_HAL_Driver/Inc/Legacy -I../Drivers/CMSIS/Device/ST/STM32F4xx/Include -I../Drivers/CMSIS/Include -I../Middlewares/Third_Party/FreeRTOS/Source/include -I../Middlewares/Third_Party/FreeRTOS/Source/CMSIS_RTOS -I../Middlewares/Third_Party/FreeRTOS/Source/portable/GCC/ARM_CM4F -O0 -ffunction-sections -fdata-sections -Wall -fstack-usage -fcyclomatic-complexity -MMD -MP -MF"Drivers/STM32F4xx_HAL_Driver/Src/stm32f4xx_hal_exti.d" -MT"Drivers/STM32F4xx_HAL_Driver/Src/stm32f4xx_hal_exti.o" --specs=nano.specs -mfpu=fpv4-sp-d16 -mfloat-abi=hard -mthumb -o "Drivers/STM32F4xx_HAL_Driver/Src/stm32f4xx_hal_exti.o"
arm-none-eabi-gcc "../Drivers/STM32F4xx_HAL_Driver/Src/stm32f4xx_hal_flash.c" -mcpu=cortex-m4 -std=gnu11 -g3 -DDEBUG -DUSE_HAL_DRIVER -DSTM32F411xE -c -I../Core/Inc -I../Drivers/STM32F4xx_HAL_Driver/Inc -I../Drivers/STM32F4xx_HAL_Driver/Inc/Legacy -I../Drivers/CMSIS/Device/ST/STM32F4xx/Include -I../Drivers/CMSIS/Include -I../Middlewares/Third_Party/FreeRTOS/Source/include -I../Middlewares/Third_Party/FreeRTOS/Source/CMSIS_RTOS -I../Middlewares/Third_Party/FreeRTOS/Source/portable/GCC/ARM_CM4F -O0 -ffunction-sections -fdata-sections -Wall -fstack-usage -fcyclomatic-complexity -MMD -MP -MF"Drivers/STM32F4xx_HAL_Driver/Src/stm32f4xx_hal_flash.d" -MT"Drivers/STM32F4xx_HAL_Driver/Src/stm32f4xx_hal_flash.o" --specs=nano.specs -mfpu=fpv4-sp-d16 -mfloat-abi=hard -mthumb -o "Drivers/STM32F4xx_HAL_Driver/Src/stm32f4xx_hal_flash.o"
arm-none-eabi-gcc "../Drivers/STM32F4xx_HAL_Driver/Src/stm32f4xx_hal_flash_ex.c" -mcpu=cortex-m4 -std=gnu11 -g3 -DDEBUG -DUSE_HAL_DRIVER -DSTM32F411xE -c -I../Core/Inc -I../Drivers/STM32F4xx_HAL_Driver/Inc -I../Drivers/STM32F4xx_HAL_Driver/Inc/Legacy -I../Drivers/CMSIS/Device/ST/STM32F4xx/Include -I../Drivers/CMSIS/Include -I../Middlewares/Third_Party/FreeRTOS/Source/include -I../Middlewares/Third_Party/FreeRTOS/Source/CMSIS_RTOS -I../Middlewares/Third_Party/FreeRTOS/Source/portable/GCC/ARM_CM4F -O0 -ffunction-sections -fdata-sections -Wall -fstack-usage -fcyclomatic-complexity -MMD -MP -MF"Drivers/STM32F4xx_HAL_Driver/Src/stm32f4xx_hal_flash_ex.d" -MT"Drivers/STM32F4xx_HAL_Driver/Src/stm32f4xx_hal_flash_ex.o" --specs=nano.specs -mfpu=fpv4-sp-d16 -mfloat-abi=hard -mthumb -o "Drivers/STM32F4xx_HAL_Driver/Src/stm32f4xx_hal_flash_ex.o"
arm-none-eabi-gcc "../Drivers/STM32F4xx_HAL_Driver/Src/stm32f4xx_hal_flash_ramfunc.c" -mcpu=cortex-m4 -std=gnu11 -g3 -DDEBUG -DUSE_HAL_DRIVER -DSTM32F411xE -c -I../Core/Inc -I../Drivers/STM32F4xx_HAL_Driver/Inc -I../Drivers/STM32F4xx_HAL_Driver/Inc/Legacy -I../Drivers/CMSIS/Device/ST/STM32F4xx/Include -I../Drivers/CMSIS/Include -I../Middlewares/Third_Party/FreeRTOS/Source/include -I../Middlewares/Third_Party/FreeRTOS/Source/CMSIS_RTOS -I../Middlewares/Third_Party/FreeRTOS/Source/portable/GCC/ARM_CM4F -O0 -ffunction-sections -fdata-sections -Wall -fstack-usage -fcyclomatic-complexity -MMD -MP -MF"Drivers/STM32F4xx_HAL_Driver/Src/stm32f4xx_hal_flash_ramfunc.d" -MT"Drivers/STM32F4xx_HAL_Driver/Src/stm32f4xx_hal_flash_ramfunc.o" --specs=nano.specs -mfpu=fpv4-sp-d16 -mfloat-abi=hard -mthumb -o "Drivers/STM32F4xx_HAL_Driver/Src/stm32f4xx_hal_flash_ramfunc.o"
arm-none-eabi-gcc "../Drivers/STM32F4xx_HAL_Driver/Src/stm32f4xx_hal_gpio.c" -mcpu=cortex-m4 -std=gnu11 -g3 -DDEBUG -DUSE_HAL_DRIVER -DSTM32F411xE -c -I../Core/Inc -I../Drivers/STM32F4xx_HAL_Driver/Inc -I../Drivers/STM32F4xx_HAL_Driver/Inc/Legacy -I../Drivers/CMSIS/Device/ST/STM32F4xx/Include -I../Drivers/CMSIS/Include -I../Middlewares/Third_Party/FreeRTOS/Source/include -I../Middlewares/Third_Party/FreeRTOS/Source/CMSIS_RTOS -I../Middlewares/Third_Party/FreeRTOS/Source/portable/GCC/ARM_CM4F -O0 -ffunction-sections -fdata-sections -Wall -fstack-usage -fcyclomatic-complexity -MMD -MP -MF"Drivers/STM32F4xx_HAL_Driver/Src/stm32f4xx_hal_gpio.d" -MT"Drivers/STM32F4xx_HAL_Driver/Src/stm32f4xx_hal_gpio.o" --specs=nano.specs -mfpu=fpv4-sp-d16 -mfloat-abi=hard -mthumb -o "Drivers/STM32F4xx_HAL_Driver/Src/stm32f4xx_hal_gpio.o"
arm-none-eabi-gcc "../Drivers/STM32F4xx_HAL_Driver/Src/stm32f4xx_hal_pwr.c" -mcpu=cortex-m4 -std=gnu11 -g3 -DDEBUG -DUSE_HAL_DRIVER -DSTM32F411xE -c -I../Core/Inc -I../Drivers/STM32F4xx_HAL_Driver/Inc -I../Drivers/STM32F4xx_HAL_Driver/Inc/Legacy -I../Drivers/CMSIS/Device/ST/STM32F4xx/Include -I../Drivers/CMSIS/Include -I../Middlewares/Third_Party/FreeRTOS/Source/include -I../Middlewares/Third_Party/FreeRTOS/Source/CMSIS_RTOS -I../Middlewares/Third_Party/FreeRTOS/Source/portable/GCC/ARM_CM4F -O0 -ffunction-sections -fdata-sections -Wall -fstack-usage -fcyclomatic-complexity -MMD -MP -MF"Drivers/STM32F4xx_HAL_Driver/Src/stm32f4xx_hal_pwr.d" -MT"Drivers/STM32F4xx_HAL_Driver/Src/stm32f4xx_hal_pwr.o" --specs=nano.specs -mfpu=fpv4-sp-d16 -mfloat-abi=hard -mthumb -o "Drivers/STM32F4xx_HAL_Driver/Src/stm32f4xx_hal_pwr.o"
arm-none-eabi-gcc "../Drivers/STM32F4xx_HAL_Driver/Src/stm32f4xx_hal_pwr_ex.c" -mcpu=cortex-m4 -std=gnu11 -g3 -DDEBUG -DUSE_HAL_DRIVER -DSTM32F411xE -c -I../Core/Inc -I../Drivers/STM32F4xx_HAL_Driver/Inc -I../Drivers/STM32F4xx_HAL_Driver/Inc/Legacy -I../Drivers/CMSIS/Device/ST/STM32F4xx/Include -I../Drivers/CMSIS/Include -I../Middlewares/Third_Party/FreeRTOS/Source/include -I../Middlewares/Third_Party/FreeRTOS/Source/CMSIS_RTOS -I../Middlewares/Third_Party/FreeRTOS/Source/portable/GCC/ARM_CM4F -O0 -ffunction-sections -fdata-sections -Wall -fstack-usage -fcyclomatic-complexity -MMD -MP -MF"Drivers/STM32F4xx_HAL_Driver/Src/stm32f4xx_hal_pwr_ex.d" -MT"Drivers/STM32F4xx_HAL_Driver/Src/stm32f4xx_hal_pwr_ex.o" --specs=nano.specs -mfpu=fpv4-sp-d16 -mfloat-abi=hard -mthumb -o "Drivers/STM32F4xx_HAL_Driver/Src/stm32f4xx_hal_pwr_ex.o"
arm-none-eabi-gcc "../Drivers/STM32F4xx_HAL_Driver/Src/stm32f4xx_hal_rcc.c" -mcpu=cortex-m4 -std=gnu11 -g3 -DDEBUG -DUSE_HAL_DRIVER -DSTM32F411xE -c -I../Core/Inc -I../Drivers/STM32F4xx_HAL_Driver/Inc -I../Drivers/STM32F4xx_HAL_Driver/Inc/Legacy -I../Drivers/CMSIS/Device/ST/STM32F4xx/Include -I../Drivers/CMSIS/Include -I../Middlewares/Third_Party/FreeRTOS/Source/include -I../Middlewares/Third_Party/FreeRTOS/Source/CMSIS_RTOS -I../Middlewares/Third_Party/FreeRTOS/Source/portable/GCC/ARM_CM4F -O0 -ffunction-sections -fdata-sections -Wall -fstack-usage -fcyclomatic-complexity -MMD -MP -MF"Drivers/STM32F4xx_HAL_Driver/Src/stm32f4xx_hal_rcc.d" -MT"Drivers/STM32F4xx_HAL_Driver/Src/stm32f4xx_hal_rcc.o" --specs=nano.specs -mfpu=fpv4-sp-d16 -mfloat-abi=hard -mthumb -o "Drivers/STM32F4xx_HAL_Driver/Src/stm32f4xx_hal_rcc.o"
arm-none-eabi-gcc "../Drivers/STM32F4xx_HAL_Driver/Src/stm32f4xx_hal_rcc_ex.c" -mcpu=cortex-m4 -std=gnu11 -g3 -DDEBUG -DUSE_HAL_DRIVER -DSTM32F411xE -c -I../Core/Inc -I../Drivers/STM32F4xx_HAL_Driver/Inc -I../Drivers/STM32F4xx_HAL_Driver/Inc/Legacy -I../Drivers/CMSIS/Device/ST/STM32F4xx/Include -I../Drivers/CMSIS/Include -I../Middlewares/Third_Party/FreeRTOS/Source/include -I../Middlewares/Third_Party/FreeRTOS/Source/CMSIS_RTOS -I../Middlewares/Third_Party/FreeRTOS/Source/portable/GCC/ARM_CM4F -O0 -ffunction-sections -fdata-sections -Wall -fstack-usage -fcyclomatic-complexity -MMD -MP -MF"Drivers/STM32F4xx_HAL_Driver/Src/stm32f4xx_hal_rcc_ex.d" -MT"Drivers/STM32F4xx_HAL_Driver/Src/stm32f4xx_hal_rcc_ex.o" --specs=nano.specs -mfpu=fpv4-sp-d16 -mfloat-abi=hard -mthumb -o "Drivers/STM32F4xx_HAL_Driver/Src/stm32f4xx_hal_rcc_ex.o"
arm-none-eabi-gcc "../Drivers/STM32F4xx_HAL_Driver/Src/stm32f4xx_hal_tim.c" -mcpu=cortex-m4 -std=gnu11 -g3 -DDEBUG -DUSE_HAL_DRIVER -DSTM32F411xE -c -I../Core/Inc -I../Drivers/STM32F4xx_HAL_Driver/Inc -I../Drivers/STM32F4xx_HAL_Driver/Inc/Legacy -I../Drivers/CMSIS/Device/ST/STM32F4xx/Include -I../Drivers/CMSIS/Include -I../Middlewares/Third_Party/FreeRTOS/Source/include -I../Middlewares/Third_Party/FreeRTOS/Source/CMSIS_RTOS -I../Middlewares/Third_Party/FreeRTOS/Source/portable/GCC/ARM_CM4F -O0 -ffunction-sections -fdata-sections -Wall -fstack-usage -fcyclomatic-complexity -MMD -MP -MF"Drivers/STM32F4xx_HAL_Driver/Src/stm32f4xx_hal_tim.d" -MT"Drivers/STM32F4xx_HAL_Driver/Src/stm32f4xx_hal_tim.o" --specs=nano.specs -mfpu=fpv4-sp-d16 -mfloat-abi=hard -mthumb -o "Drivers/STM32F4xx_HAL_Driver/Src/stm32f4xx_hal_tim.o"
arm-none-eabi-gcc "../Drivers/STM32F4xx_HAL_Driver/Src/stm32f4xx_hal_tim_ex.c" -mcpu=cortex-m4 -std=gnu11 -g3 -DDEBUG -DUSE_HAL_DRIVER -DSTM32F411xE -c -I../Core/Inc -I../Drivers/STM32F4xx_HAL_Driver/Inc -I../Drivers/STM32F4xx_HAL_Driver/Inc/Legacy -I../Drivers/CMSIS/Device/ST/STM32F4xx/Include -I../Drivers/CMSIS/Include -I../Middlewares/Third_Party/FreeRTOS/Source/include -I../Middlewares/Third_Party/FreeRTOS/Source/CMSIS_RTOS -I../Middlewares/Third_Party/FreeRTOS/Source/portable/GCC/ARM_CM4F -O0 -ffunction-sections -fdata-sections -Wall -fstack-usage -fcyclomatic-complexity -MMD -MP -MF"Drivers/STM32F4xx_HAL_Driver/Src/stm32f4xx_hal_tim_ex.d" -MT"Drivers/STM32F4xx_HAL_Driver/Src/stm32f4xx_hal_tim_ex.o" --specs=nano.specs -mfpu=fpv4-sp-d16 -mfloat-abi=hard -mthumb -o "Drivers/STM32F4xx_HAL_Driver/Src/stm32f4xx_hal_tim_ex.o"
arm-none-eabi-gcc "../Drivers/STM32F4xx_HAL_Driver/Src/stm32f4xx_ll_adc.c" -mcpu=cortex-m4 -std=gnu11 -g3 -DDEBUG -DUSE_HAL_DRIVER -DSTM32F411xE -c -I../Core/Inc -I../Drivers/STM32F4xx_HAL_Driver/Inc -I../Drivers/STM32F4xx_HAL_Driver/Inc/Legacy -I../Drivers/CMSIS/Device/ST/STM32F4xx/Include -I../Drivers/CMSIS/Include -I../Middlewares/Third_Party/FreeRTOS/Source/include -I../Middlewares/Third_Party/FreeRTOS/Source/CMSIS_RTOS -I../Middlewares/Third_Party/FreeRTOS/Source/portable/GCC/ARM_CM4F -O0 -ffunction-sections -fdata-sections -Wall -fstack-usage -fcyclomatic-complexity -MMD -MP -MF"Drivers/STM32F4xx_HAL_Driver/Src/stm32f4xx_ll_adc.d" -MT"Drivers/STM32F4xx_HAL_Driver/Src/stm32f4xx_ll_adc.o" --specs=nano.specs -mfpu=fpv4-sp-d16 -mfloat-abi=hard -mthumb -o "Drivers/STM32F4xx_HAL_Driver/Src/stm32f4xx_ll_adc.o"
arm-none-eabi-gcc -mcpu=cortex-m4 -g3 -DDEBUG -c -x assembler-with-cpp -MMD -MP -MF"Core/Startup/startup_stm32f411vetx.d" -MT"Core/Startup/startup_stm32f411vetx.o" --specs=nano.specs -mfpu=fpv4-sp-d16 -mfloat-abi=hard -mthumb -o "Core/Startup/startup_stm32f411vetx.o" "../Core/Startup/startup_stm32f411vetx.s"
arm-none-eabi-gcc "../Core/Src/freertos.c" -mcpu=cortex-m4 -std=gnu11 -g3 -DDEBUG -DUSE_HAL_DRIVER -DSTM32F411xE -c -I../Core/Inc -I../Drivers/STM32F4xx_HAL_Driver/Inc -I../Drivers/STM32F4xx_HAL_Driver/Inc/Legacy -I../Drivers/CMSIS/Device/ST/STM32F4xx/Include -I../Drivers/CMSIS/Include -I../Middlewares/Third_Party/FreeRTOS/Source/include -I../Middlewares/Third_Party/FreeRTOS/Source/CMSIS_RTOS -I../Middlewares/Third_Party/FreeRTOS/Source/portable/GCC/ARM_CM4F -O0 -ffunction-sections -fdata-sections -Wall -fstack-usage -fcyclomatic-complexity -MMD -MP -MF"Core/Src/freertos.d" -MT"Core/Src/freertos.o" --specs=nano.specs -mfpu=fpv4-sp-d16 -mfloat-abi=hard -mthumb -o "Core/Src/freertos.o"
arm-none-eabi-gcc "../Core/Src/main.c" -mcpu=cortex-m4 -std=gnu11 -g3 -DDEBUG -DUSE_HAL_DRIVER -DSTM32F411xE -c -I../Core/Inc -I../Drivers/STM32F4xx_HAL_Driver/Inc -I../Drivers/STM32F4xx_HAL_Driver/Inc/Legacy -I../Drivers/CMSIS/Device/ST/STM32F4xx/Include -I../Drivers/CMSIS/Include -I../Middlewares/Third_Party/FreeRTOS/Source/include -I../Middlewares/Third_Party/FreeRTOS/Source/CMSIS_RTOS -I../Middlewares/Third_Party/FreeRTOS/Source/portable/GCC/ARM_CM4F -O0 -ffunction-sections -fdata-sections -Wall -fstack-usage -fcyclomatic-complexity -MMD -MP -MF"Core/Src/main.d" -MT"Core/Src/main.o" --specs=nano.specs -mfpu=fpv4-sp-d16 -mfloat-abi=hard -mthumb -o "Core/Src/main.o"
arm-none-eabi-gcc "../Core/Src/stm32f4xx_hal_msp.c" -mcpu=cortex-m4 -std=gnu11 -g3 -DDEBUG -DUSE_HAL_DRIVER -DSTM32F411xE -c -I../Core/Inc -I../Drivers/STM32F4xx_HAL_Driver/Inc -I../Drivers/STM32F4xx_HAL_Driver/Inc/Legacy -I../Drivers/CMSIS/Device/ST/STM32F4xx/Include -I../Drivers/CMSIS/Include -I../Middlewares/Third_Party/FreeRTOS/Source/include -I../Middlewares/Third_Party/FreeRTOS/Source/CMSIS_RTOS -I../Middlewares/Third_Party/FreeRTOS/Source/portable/GCC/ARM_CM4F -O0 -ffunction-sections -fdata-sections -Wall -fstack-usage -fcyclomatic-complexity -MMD -MP -MF"Core/Src/stm32f4xx_hal_msp.d" -MT"Core/Src/stm32f4xx_hal_msp.o" --specs=nano.specs -mfpu=fpv4-sp-d16 -mfloat-abi=hard -mthumb -o "Core/Src/stm32f4xx_hal_msp.o"
arm-none-eabi-gcc "../Core/Src/stm32f4xx_it.c" -mcpu=cortex-m4 -std=gnu11 -g3 -DDEBUG -DUSE_HAL_DRIVER -DSTM32F411xE -c -I../Core/Inc -I../Drivers/STM32F4xx_HAL_Driver/Inc -I../Drivers/STM32F4xx_HAL_Driver/Inc/Legacy -I../Drivers/CMSIS/Device/ST/STM32F4xx/Include -I../Drivers/CMSIS/Include -I../Middlewares/Third_Party/FreeRTOS/Source/include -I../Middlewares/Third_Party/FreeRTOS/Source/CMSIS_RTOS -I../Middlewares/Third_Party/FreeRTOS/Source/portable/GCC/ARM_CM4F -O0 -ffunction-sections -fdata-sections -Wall -fstack-usage -fcyclomatic-complexity -MMD -MP -MF"Core/Src/stm32f4xx_it.d" -MT"Core/Src/stm32f4xx_it.o" --specs=nano.specs -mfpu=fpv4-sp-d16 -mfloat-abi=hard -mthumb -o "Core/Src/stm32f4xx_it.o"
arm-none-eabi-gcc "../Core/Src/syscalls.c" -mcpu=cortex-m4 -std=gnu11 -g3 -DDEBUG -DUSE_HAL_DRIVER -DSTM32F411xE -c -I../Core/Inc -I../Drivers/STM32F4xx_HAL_Driver/Inc -I../Drivers/STM32F4xx_HAL_Driver/Inc/Legacy -I../Drivers/CMSIS/Device/ST/STM32F4xx/Include -I../Drivers/CMSIS/Include -I../Middlewares/Third_Party/FreeRTOS/Source/include -I../Middlewares/Third_Party/FreeRTOS/Source/CMSIS_RTOS -I../Middlewares/Third_Party/FreeRTOS/Source/portable/GCC/ARM_CM4F -O0 -ffunction-sections -fdata-sections -Wall -fstack-usage -fcyclomatic-complexity -MMD -MP -MF"Core/Src/syscalls.d" -MT"Core/Src/syscalls.o" --specs=nano.specs -mfpu=fpv4-sp-d16 -mfloat-abi=hard -mthumb -o "Core/Src/syscalls.o"
arm-none-eabi-gcc "../Core/Src/sysmem.c" -mcpu=cortex-m4 -std=gnu11 -g3 -DDEBUG -DUSE_HAL_DRIVER -DSTM32F411xE -c -I../Core/Inc -I../Drivers/STM32F4xx_HAL_Driver/Inc -I../Drivers/STM32F4xx_HAL_Driver/Inc/Legacy -I../Drivers/CMSIS/Device/ST/STM32F4xx/Include -I../Drivers/CMSIS/Include -I../Middlewares/Third_Party/FreeRTOS/Source/include -I../Middlewares/Third_Party/FreeRTOS/Source/CMSIS_RTOS -I../Middlewares/Third_Party/FreeRTOS/Source/portable/GCC/ARM_CM4F -O0 -ffunction-sections -fdata-sections -Wall -fstack-usage -fcyclomatic-complexity -MMD -MP -MF"Core/Src/sysmem.d" -MT"Core/Src/sysmem.o" --specs=nano.specs -mfpu=fpv4-sp-d16 -mfloat-abi=hard -mthumb -o "Core/Src/sysmem.o"
arm-none-eabi-gcc "../Core/Src/system_stm32f4xx.c" -mcpu=cortex-m4 -std=gnu11 -g3 -DDEBUG -DUSE_HAL_DRIVER -DSTM32F411xE -c -I../Core/Inc -I../Drivers/STM32F4xx_HAL_Driver/Inc -I../Drivers/STM32F4xx_HAL_Driver/Inc/Legacy -I../Drivers/CMSIS/Device/ST/STM32F4xx/Include -I../Drivers/CMSIS/Include -I../Middlewares/Third_Party/FreeRTOS/Source/include -I../Middlewares/Third_Party/FreeRTOS/Source/CMSIS_RTOS -I../Middlewares/Third_Party/FreeRTOS/Source/portable/GCC/ARM_CM4F -O0 -ffunction-sections -fdata-sections -Wall -fstack-usage -fcyclomatic-complexity -MMD -MP -MF"Core/Src/system_stm32f4xx.d" -MT"Core/Src/system_stm32f4xx.o" --specs=nano.specs -mfpu=fpv4-sp-d16 -mfloat-abi=hard -mthumb -o "Core/Src/system_stm32f4xx.o"
arm-none-eabi-gcc -o "MAGTROL_TS100.elf" @"objects.list"   -mcpu=cortex-m4 -T"C:\Users\asus\STM32CubeIDE\workspace_1.14.1\MAGTROL_TS100\STM32F411VETX_FLASH.ld" --specs=nosys.specs -Wl,-Map="MAGTROL_TS100.map" -Wl,--gc-sections -static --specs=nano.specs -mfpu=fpv4-sp-d16 -mfloat-abi=hard -mthumb -Wl,--start-group -lc -lm -Wl,--end-group
Finished building target: MAGTROL_TS100.elf
 
arm-none-eabi-size  MAGTROL_TS100.elf 
arm-none-eabi-objdump -h -S MAGTROL_TS100.elf  > "MAGTROL_TS100.list"
   text	   data	    bss	    dec	    hex	filename
  15936	     16	  17960	  33912	   8478	MAGTROL_TS100.elf
Finished building: default.size.stdout
 
Finished building: MAGTROL_TS100.list
 
12:13:56 **** Incremental Build of configuration Debug for project TorqueSensor ****
make -j8 all 
arm-none-eabi-size  TorqueSensor.elf 
   text	   data	    bss	    dec	    hex	filename
  30684	    476	   1996	  33156	   8184	TorqueSensor.elf
Finished building: default.size.stdout
 

**** Build of configuration Debug for project adc ****

Nothing to build for project adc
12:13:57 **** Incremental Build of configuration Debug for project couplemetre ****
make -j8 all 
arm-none-eabi-size  couplemetre.elf 
   text	   data	    bss	    dec	    hex	filename
   9548	     12	   1684	  11244	   2bec	couplemetre.elf
Finished building: default.size.stdout
 

**** Build of configuration Debug for project freeRTOS ****

Nothing to build for project freeRTOS
12:13:58 **** Incremental Build of configuration Debug for project test_1 ****
make -j8 all 
arm-none-eabi-size  test_1.elf 
   text	   data	    bss	    dec	    hex	filename
   4808	     20	   1572	   6400	   1900	test_1.elf
Finished building: default.size.stdout
 
12:13:58 **** Incremental Build of configuration Debug for project torquesensor_OS ****
make -j8 all 
arm-none-eabi-size  torquesensor_OS.elf 
   text	   data	    bss	    dec	    hex	filename
  46092	    480	  18416	  64988	   fddc	torquesensor_OS.elf
Finished building: default.size.stdout
 
12:14:51 **** Incremental Build of configuration Debug for project ADC_Value ****
make -j8 all 
arm-none-eabi-size  ADC_Value.elf 
   text	   data	    bss	    dec	    hex	filename
   8884	     12	   1660	  10556	   293c	ADC_Value.elf
Finished building: default.size.stdout
 
12:14:51 **** Incremental Build of configuration Debug for project Encodeur ****
make -j8 all 
arm-none-eabi-gcc "../Core/Src/main.c" -mcpu=cortex-m4 -std=gnu11 -g3 -DDEBUG -DUSE_HAL_DRIVER -DSTM32F411xE -c -I../Core/Inc -IC:/Users/asus/STM32Cube/Repository/STM32Cube_FW_F4_V1.28.0/Drivers/STM32F4xx_HAL_Driver/Inc -IC:/Users/asus/STM32Cube/Repository/STM32Cube_FW_F4_V1.28.0/Drivers/STM32F4xx_HAL_Driver/Inc/Legacy -IC:/Users/asus/STM32Cube/Repository/STM32Cube_FW_F4_V1.28.0/Drivers/CMSIS/Device/ST/STM32F4xx/Include -IC:/Users/asus/STM32Cube/Repository/STM32Cube_FW_F4_V1.28.0/Drivers/CMSIS/Include -O0 -ffunction-sections -fdata-sections -Wall -fstack-usage -fcyclomatic-complexity -MMD -MP -MF"Core/Src/main.d" -MT"Core/Src/main.o" --specs=nano.specs -mfpu=fpv4-sp-d16 -mfloat-abi=hard -mthumb -o "Core/Src/main.o"
arm-none-eabi-gcc "../Core/Src/stm32f4xx_it.c" -mcpu=cortex-m4 -std=gnu11 -g3 -DDEBUG -DUSE_HAL_DRIVER -DSTM32F411xE -c -I../Core/Inc -IC:/Users/asus/STM32Cube/Repository/STM32Cube_FW_F4_V1.28.0/Drivers/STM32F4xx_HAL_Driver/Inc -IC:/Users/asus/STM32Cube/Repository/STM32Cube_FW_F4_V1.28.0/Drivers/STM32F4xx_HAL_Driver/Inc/Legacy -IC:/Users/asus/STM32Cube/Repository/STM32Cube_FW_F4_V1.28.0/Drivers/CMSIS/Device/ST/STM32F4xx/Include -IC:/Users/asus/STM32Cube/Repository/STM32Cube_FW_F4_V1.28.0/Drivers/CMSIS/Include -O0 -ffunction-sections -fdata-sections -Wall -fstack-usage -fcyclomatic-complexity -MMD -MP -MF"Core/Src/stm32f4xx_it.d" -MT"Core/Src/stm32f4xx_it.o" --specs=nano.specs -mfpu=fpv4-sp-d16 -mfloat-abi=hard -mthumb -o "Core/Src/stm32f4xx_it.o"
../Core/Src/stm32f4xx_it.c: In function 'TIM3_IRQHandler':
../Core/Src/stm32f4xx_it.c:284:23: error: 'htim3' undeclared (first use in this function); did you mean 'htim2'?
  284 |   HAL_TIM_IRQHandler(&htim3);
      |                       ^~~~~
      |                       htim2
../Core/Src/stm32f4xx_it.c:284:23: note: each undeclared identifier is reported only once for each function it appears in
../Core/Src/main.c: In function 'main':
../Core/Src/main.c:94:3: warning: implicit declaration of function 'MX_TIM3_Init'; did you mean 'MX_TIM2_Init'? [-Wimplicit-function-declaration]
   94 |   MX_TIM3_Init(); // Initialize Timer 2 for encoder
      |   ^~~~~~~~~~~~
      |   MX_TIM2_Init
../Core/Src/main.c:99:26: error: 'htim3' undeclared (first use in this function); did you mean 'htim2'?
   99 |   HAL_TIM_Base_Start_IT(&htim3); // Start Timer 2 with interrupt
      |                          ^~~~~
      |                          htim2
../Core/Src/main.c:99:26: note: each undeclared identifier is reported only once for each function it appears in
make: *** [Core/Src/subdir.mk:43: Core/Src/stm32f4xx_it.o] Error 1
make: *** Waiting for unfinished jobs....
make: *** [Core/Src/subdir.mk:43: Core/Src/main.o] Error 1
"make -j8 all" terminated with exit code 2. Build might be incomplete.
12:14:52 **** Incremental Build of configuration Debug for project MAGTROL_TS100 ****
make -j8 all 
arm-none-eabi-size  MAGTROL_TS100.elf 
   text	   data	    bss	    dec	    hex	filename
  15936	     16	  17960	  33912	   8478	MAGTROL_TS100.elf
Finished building: default.size.stdout
 
12:14:52 **** Incremental Build of configuration Debug for project TorqueSensor ****
make -j8 all 
arm-none-eabi-size  TorqueSensor.elf 
   text	   data	    bss	    dec	    hex	filename
  30684	    476	   1996	  33156	   8184	TorqueSensor.elf
Finished building: default.size.stdout
 

**** Build of configuration Debug for project adc ****

Nothing to build for project adc
12:14:53 **** Incremental Build of configuration Debug for project couplemetre ****
make -j8 all 
arm-none-eabi-size  couplemetre.elf 
   text	   data	    bss	    dec	    hex	filename
   9548	     12	   1684	  11244	   2bec	couplemetre.elf
Finished building: default.size.stdout
 

**** Build of configuration Debug for project freeRTOS ****

Nothing to build for project freeRTOS
12:14:53 **** Incremental Build of configuration Debug for project test_1 ****
make -j8 all 
arm-none-eabi-size  test_1.elf 
   text	   data	    bss	    dec	    hex	filename
   4808	     20	   1572	   6400	   1900	test_1.elf
Finished building: default.size.stdout
 
12:14:53 **** Incremental Build of configuration Debug for project torquesensor_OS ****
make -j8 all 
arm-none-eabi-size  torquesensor_OS.elf 
   text	   data	    bss	    dec	    hex	filename
  46092	    480	  18416	  64988	   fddc	torquesensor_OS.elf
Finished building: default.size.stdout
 
12:15:40 **** Incremental Build of configuration Debug for project ADC_Value ****
make -j8 all 
arm-none-eabi-size  ADC_Value.elf 
   text	   data	    bss	    dec	    hex	filename
   8884	     12	   1660	  10556	   293c	ADC_Value.elf
Finished building: default.size.stdout
 
12:15:40 **** Incremental Build of configuration Debug for project Encodeur ****
make -j8 all 
arm-none-eabi-gcc "../Core/Src/main.c" -mcpu=cortex-m4 -std=gnu11 -g3 -DDEBUG -DUSE_HAL_DRIVER -DSTM32F411xE -c -I../Core/Inc -IC:/Users/asus/STM32Cube/Repository/STM32Cube_FW_F4_V1.28.0/Drivers/STM32F4xx_HAL_Driver/Inc -IC:/Users/asus/STM32Cube/Repository/STM32Cube_FW_F4_V1.28.0/Drivers/STM32F4xx_HAL_Driver/Inc/Legacy -IC:/Users/asus/STM32Cube/Repository/STM32Cube_FW_F4_V1.28.0/Drivers/CMSIS/Device/ST/STM32F4xx/Include -IC:/Users/asus/STM32Cube/Repository/STM32Cube_FW_F4_V1.28.0/Drivers/CMSIS/Include -O0 -ffunction-sections -fdata-sections -Wall -fstack-usage -fcyclomatic-complexity -MMD -MP -MF"Core/Src/main.d" -MT"Core/Src/main.o" --specs=nano.specs -mfpu=fpv4-sp-d16 -mfloat-abi=hard -mthumb -o "Core/Src/main.o"
arm-none-eabi-gcc "../Core/Src/stm32f4xx_it.c" -mcpu=cortex-m4 -std=gnu11 -g3 -DDEBUG -DUSE_HAL_DRIVER -DSTM32F411xE -c -I../Core/Inc -IC:/Users/asus/STM32Cube/Repository/STM32Cube_FW_F4_V1.28.0/Drivers/STM32F4xx_HAL_Driver/Inc -IC:/Users/asus/STM32Cube/Repository/STM32Cube_FW_F4_V1.28.0/Drivers/STM32F4xx_HAL_Driver/Inc/Legacy -IC:/Users/asus/STM32Cube/Repository/STM32Cube_FW_F4_V1.28.0/Drivers/CMSIS/Device/ST/STM32F4xx/Include -IC:/Users/asus/STM32Cube/Repository/STM32Cube_FW_F4_V1.28.0/Drivers/CMSIS/Include -O0 -ffunction-sections -fdata-sections -Wall -fstack-usage -fcyclomatic-complexity -MMD -MP -MF"Core/Src/stm32f4xx_it.d" -MT"Core/Src/stm32f4xx_it.o" --specs=nano.specs -mfpu=fpv4-sp-d16 -mfloat-abi=hard -mthumb -o "Core/Src/stm32f4xx_it.o"
../Core/Src/stm32f4xx_it.c: In function 'TIM3_IRQHandler':
../Core/Src/stm32f4xx_it.c:284:23: error: 'htim3' undeclared (first use in this function); did you mean 'htim2'?
  284 |   HAL_TIM_IRQHandler(&htim3);
      |                       ^~~~~
      |                       htim2
../Core/Src/stm32f4xx_it.c:284:23: note: each undeclared identifier is reported only once for each function it appears in
make: *** [Core/Src/subdir.mk:43: Core/Src/stm32f4xx_it.o] Error 1
make: *** Waiting for unfinished jobs....
../Core/Src/main.c: In function 'main':
../Core/Src/main.c:94:3: warning: implicit declaration of function 'MX_TIM3_Init'; did you mean 'MX_TIM2_Init'? [-Wimplicit-function-declaration]
   94 |   MX_TIM3_Init(); // Initialize Timer 2 for encoder
      |   ^~~~~~~~~~~~
      |   MX_TIM2_Init
../Core/Src/main.c:99:26: error: 'htim3' undeclared (first use in this function); did you mean 'htim2'?
   99 |   HAL_TIM_Base_Start_IT(&htim3); // Start Timer 2 with interrupt
      |                          ^~~~~
      |                          htim2
../Core/Src/main.c:99:26: note: each undeclared identifier is reported only once for each function it appears in
make: *** [Core/Src/subdir.mk:43: Core/Src/main.o] Error 1
"make -j8 all" terminated with exit code 2. Build might be incomplete.
12:15:41 **** Incremental Build of configuration Debug for project MAGTROL_TS100 ****
make -j8 all 
arm-none-eabi-size  MAGTROL_TS100.elf 
   text	   data	    bss	    dec	    hex	filename
  15936	     16	  17960	  33912	   8478	MAGTROL_TS100.elf
Finished building: default.size.stdout
 
12:15:41 **** Incremental Build of configuration Debug for project TorqueSensor ****
make -j8 all 
arm-none-eabi-size  TorqueSensor.elf 
   text	   data	    bss	    dec	    hex	filename
  30684	    476	   1996	  33156	   8184	TorqueSensor.elf
Finished building: default.size.stdout
 

**** Build of configuration Debug for project adc ****

Nothing to build for project adc
12:15:42 **** Incremental Build of configuration Debug for project couplemetre ****
make -j8 all 
arm-none-eabi-size  couplemetre.elf 
   text	   data	    bss	    dec	    hex	filename
   9548	     12	   1684	  11244	   2bec	couplemetre.elf
Finished building: default.size.stdout
 

**** Build of configuration Debug for project freeRTOS ****

Nothing to build for project freeRTOS
12:15:42 **** Incremental Build of configuration Debug for project test_1 ****
make -j8 all 
arm-none-eabi-size  test_1.elf 
   text	   data	    bss	    dec	    hex	filename
   4808	     20	   1572	   6400	   1900	test_1.elf
Finished building: default.size.stdout
 
12:15:43 **** Incremental Build of configuration Debug for project torquesensor_OS ****
make -j8 all 
arm-none-eabi-size  torquesensor_OS.elf 
   text	   data	    bss	    dec	    hex	filename
  46092	    480	  18416	  64988	   fddc	torquesensor_OS.elf
Finished building: default.size.stdout
 
12:16:32 **** Incremental Build of configuration Debug for project ADC_Value ****
make -j8 all 
arm-none-eabi-size  ADC_Value.elf 
   text	   data	    bss	    dec	    hex	filename
   8884	     12	   1660	  10556	   293c	ADC_Value.elf
Finished building: default.size.stdout
 
12:16:32 **** Incremental Build of configuration Debug for project Encodeur ****
make -j8 all 
arm-none-eabi-gcc "../Core/Src/main.c" -mcpu=cortex-m4 -std=gnu11 -g3 -DDEBUG -DUSE_HAL_DRIVER -DSTM32F411xE -c -I../Core/Inc -IC:/Users/asus/STM32Cube/Repository/STM32Cube_FW_F4_V1.28.0/Drivers/STM32F4xx_HAL_Driver/Inc -IC:/Users/asus/STM32Cube/Repository/STM32Cube_FW_F4_V1.28.0/Drivers/STM32F4xx_HAL_Driver/Inc/Legacy -IC:/Users/asus/STM32Cube/Repository/STM32Cube_FW_F4_V1.28.0/Drivers/CMSIS/Device/ST/STM32F4xx/Include -IC:/Users/asus/STM32Cube/Repository/STM32Cube_FW_F4_V1.28.0/Drivers/CMSIS/Include -O0 -ffunction-sections -fdata-sections -Wall -fstack-usage -fcyclomatic-complexity -MMD -MP -MF"Core/Src/main.d" -MT"Core/Src/main.o" --specs=nano.specs -mfpu=fpv4-sp-d16 -mfloat-abi=hard -mthumb -o "Core/Src/main.o"
arm-none-eabi-gcc "../Core/Src/stm32f4xx_it.c" -mcpu=cortex-m4 -std=gnu11 -g3 -DDEBUG -DUSE_HAL_DRIVER -DSTM32F411xE -c -I../Core/Inc -IC:/Users/asus/STM32Cube/Repository/STM32Cube_FW_F4_V1.28.0/Drivers/STM32F4xx_HAL_Driver/Inc -IC:/Users/asus/STM32Cube/Repository/STM32Cube_FW_F4_V1.28.0/Drivers/STM32F4xx_HAL_Driver/Inc/Legacy -IC:/Users/asus/STM32Cube/Repository/STM32Cube_FW_F4_V1.28.0/Drivers/CMSIS/Device/ST/STM32F4xx/Include -IC:/Users/asus/STM32Cube/Repository/STM32Cube_FW_F4_V1.28.0/Drivers/CMSIS/Include -O0 -ffunction-sections -fdata-sections -Wall -fstack-usage -fcyclomatic-complexity -MMD -MP -MF"Core/Src/stm32f4xx_it.d" -MT"Core/Src/stm32f4xx_it.o" --specs=nano.specs -mfpu=fpv4-sp-d16 -mfloat-abi=hard -mthumb -o "Core/Src/stm32f4xx_it.o"
../Core/Src/main.c: In function 'main':
../Core/Src/main.c:94:3: warning: implicit declaration of function 'MX_TIM3_Init'; did you mean 'MX_TIM2_Init'? [-Wimplicit-function-declaration]
   94 |   MX_TIM3_Init(); // Initialize Timer 2 for encoder
      |   ^~~~~~~~~~~~
      |   MX_TIM2_Init
../Core/Src/main.c:99:26: error: 'htim3' undeclared (first use in this function); did you mean 'htim2'?
   99 |   HAL_TIM_Base_Start_IT(&htim3); // Start Timer 2 with interrupt
      |                          ^~~~~
      |                          htim2
../Core/Src/main.c:99:26: note: each undeclared identifier is reported only once for each function it appears in
make: *** [Core/Src/subdir.mk:43: Core/Src/main.o] Error 1
make: *** Waiting for unfinished jobs....
"make -j8 all" terminated with exit code 2. Build might be incomplete.
12:16:32 **** Incremental Build of configuration Debug for project MAGTROL_TS100 ****
make -j8 all 
arm-none-eabi-size  MAGTROL_TS100.elf 
   text	   data	    bss	    dec	    hex	filename
  15936	     16	  17960	  33912	   8478	MAGTROL_TS100.elf
Finished building: default.size.stdout
 
12:16:33 **** Incremental Build of configuration Debug for project TorqueSensor ****
make -j8 all 
arm-none-eabi-size  TorqueSensor.elf 
   text	   data	    bss	    dec	    hex	filename
  30684	    476	   1996	  33156	   8184	TorqueSensor.elf
Finished building: default.size.stdout
 

**** Build of configuration Debug for project adc ****

Nothing to build for project adc
12:16:33 **** Incremental Build of configuration Debug for project couplemetre ****
make -j8 all 
arm-none-eabi-size  couplemetre.elf 
   text	   data	    bss	    dec	    hex	filename
   9548	     12	   1684	  11244	   2bec	couplemetre.elf
Finished building: default.size.stdout
 

**** Build of configuration Debug for project freeRTOS ****

Nothing to build for project freeRTOS
12:16:34 **** Incremental Build of configuration Debug for project test_1 ****
make -j8 all 
arm-none-eabi-size  test_1.elf 
   text	   data	    bss	    dec	    hex	filename
   4808	     20	   1572	   6400	   1900	test_1.elf
Finished building: default.size.stdout
 
12:16:34 **** Incremental Build of configuration Debug for project torquesensor_OS ****
make -j8 all 
arm-none-eabi-size  torquesensor_OS.elf 
   text	   data	    bss	    dec	    hex	filename
  46092	    480	  18416	  64988	   fddc	torquesensor_OS.elf
Finished building: default.size.stdout
 
12:16:47 **** Incremental Build of configuration Debug for project ADC_Value ****
make -j8 all 
arm-none-eabi-size  ADC_Value.elf 
   text	   data	    bss	    dec	    hex	filename
   8884	     12	   1660	  10556	   293c	ADC_Value.elf
Finished building: default.size.stdout
 
12:16:48 **** Incremental Build of configuration Debug for project Encodeur ****
make -j8 all 
arm-none-eabi-gcc "../Core/Src/main.c" -mcpu=cortex-m4 -std=gnu11 -g3 -DDEBUG -DUSE_HAL_DRIVER -DSTM32F411xE -c -I../Core/Inc -IC:/Users/asus/STM32Cube/Repository/STM32Cube_FW_F4_V1.28.0/Drivers/STM32F4xx_HAL_Driver/Inc -IC:/Users/asus/STM32Cube/Repository/STM32Cube_FW_F4_V1.28.0/Drivers/STM32F4xx_HAL_Driver/Inc/Legacy -IC:/Users/asus/STM32Cube/Repository/STM32Cube_FW_F4_V1.28.0/Drivers/CMSIS/Device/ST/STM32F4xx/Include -IC:/Users/asus/STM32Cube/Repository/STM32Cube_FW_F4_V1.28.0/Drivers/CMSIS/Include -O0 -ffunction-sections -fdata-sections -Wall -fstack-usage -fcyclomatic-complexity -MMD -MP -MF"Core/Src/main.d" -MT"Core/Src/main.o" --specs=nano.specs -mfpu=fpv4-sp-d16 -mfloat-abi=hard -mthumb -o "Core/Src/main.o"
../Core/Src/main.c: In function 'main':
../Core/Src/main.c:94:3: warning: implicit declaration of function 'MX_TIM3_Init'; did you mean 'MX_TIM2_Init'? [-Wimplicit-function-declaration]
   94 |   MX_TIM3_Init(); // Initialize Timer 2 for encoder
      |   ^~~~~~~~~~~~
      |   MX_TIM2_Init
../Core/Src/main.c:99:26: error: 'htim3' undeclared (first use in this function); did you mean 'htim2'?
   99 |   HAL_TIM_Base_Start_IT(&htim3); // Start Timer 2 with interrupt
      |                          ^~~~~
      |                          htim2
../Core/Src/main.c:99:26: note: each undeclared identifier is reported only once for each function it appears in
make: *** [Core/Src/subdir.mk:43: Core/Src/main.o] Error 1
"make -j8 all" terminated with exit code 2. Build might be incomplete.
12:16:48 **** Incremental Build of configuration Debug for project MAGTROL_TS100 ****
make -j8 all 
arm-none-eabi-size  MAGTROL_TS100.elf 
   text	   data	    bss	    dec	    hex	filename
  15936	     16	  17960	  33912	   8478	MAGTROL_TS100.elf
Finished building: default.size.stdout
 
12:16:48 **** Incremental Build of configuration Debug for project TorqueSensor ****
make -j8 all 
arm-none-eabi-size  TorqueSensor.elf 
   text	   data	    bss	    dec	    hex	filename
  30684	    476	   1996	  33156	   8184	TorqueSensor.elf
Finished building: default.size.stdout
 

**** Build of configuration Debug for project adc ****

Nothing to build for project adc
12:16:49 **** Incremental Build of configuration Debug for project couplemetre ****
make -j8 all 
arm-none-eabi-size  couplemetre.elf 
   text	   data	    bss	    dec	    hex	filename
   9548	     12	   1684	  11244	   2bec	couplemetre.elf
Finished building: default.size.stdout
 

**** Build of configuration Debug for project freeRTOS ****

Nothing to build for project freeRTOS
12:16:49 **** Incremental Build of configuration Debug for project test_1 ****
make -j8 all 
arm-none-eabi-size  test_1.elf 
   text	   data	    bss	    dec	    hex	filename
   4808	     20	   1572	   6400	   1900	test_1.elf
Finished building: default.size.stdout
 
12:16:50 **** Incremental Build of configuration Debug for project torquesensor_OS ****
make -j8 all 
arm-none-eabi-size  torquesensor_OS.elf 
   text	   data	    bss	    dec	    hex	filename
  46092	    480	  18416	  64988	   fddc	torquesensor_OS.elf
Finished building: default.size.stdout
 
12:17:11 **** Clean-only build of configuration Release for project Encodeur ****
make -j8 clean 
rm -rf ./Drivers/STM32F4xx_HAL_Driver/stm32f4xx_hal.cyclo ./Drivers/STM32F4xx_HAL_Driver/stm32f4xx_hal.d ./Drivers/STM32F4xx_HAL_Driver/stm32f4xx_hal.o ./Drivers/STM32F4xx_HAL_Driver/stm32f4xx_hal.su ./Drivers/STM32F4xx_HAL_Driver/stm32f4xx_hal_cortex.cyclo ./Drivers/STM32F4xx_HAL_Driver/stm32f4xx_hal_cortex.d ./Drivers/STM32F4xx_HAL_Driver/stm32f4xx_hal_cortex.o ./Drivers/STM32F4xx_HAL_Driver/stm32f4xx_hal_cortex.su ./Drivers/STM32F4xx_HAL_Driver/stm32f4xx_hal_dma.cyclo ./Drivers/STM32F4xx_HAL_Driver/stm32f4xx_hal_dma.d ./Drivers/STM32F4xx_HAL_Driver/stm32f4xx_hal_dma.o ./Drivers/STM32F4xx_HAL_Driver/stm32f4xx_hal_dma.su ./Drivers/STM32F4xx_HAL_Driver/stm32f4xx_hal_dma_ex.cyclo ./Drivers/STM32F4xx_HAL_Driver/stm32f4xx_hal_dma_ex.d ./Drivers/STM32F4xx_HAL_Driver/stm32f4xx_hal_dma_ex.o ./Drivers/STM32F4xx_HAL_Driver/stm32f4xx_hal_dma_ex.su ./Drivers/STM32F4xx_HAL_Driver/stm32f4xx_hal_exti.cyclo ./Drivers/STM32F4xx_HAL_Driver/stm32f4xx_hal_exti.d ./Drivers/STM32F4xx_HAL_Driver/stm32f4xx_hal_exti.o ./Drivers/STM32F4xx_HAL_Driver/stm32f4xx_hal_exti.su ./Drivers/STM32F4xx_HAL_Driver/stm32f4xx_hal_flash.cyclo ./Drivers/STM32F4xx_HAL_Driver/stm32f4xx_hal_flash.d ./Drivers/STM32F4xx_HAL_Driver/stm32f4xx_hal_flash.o ./Drivers/STM32F4xx_HAL_Driver/stm32f4xx_hal_flash.su ./Drivers/STM32F4xx_HAL_Driver/stm32f4xx_hal_flash_ex.cyclo ./Drivers/STM32F4xx_HAL_Driver/stm32f4xx_hal_flash_ex.d ./Drivers/STM32F4xx_HAL_Driver/stm32f4xx_hal_flash_ex.o ./Drivers/STM32F4xx_HAL_Driver/stm32f4xx_hal_flash_ex.su ./Drivers/STM32F4xx_HAL_Driver/stm32f4xx_hal_flash_ramfunc.cyclo ./Drivers/STM32F4xx_HAL_Driver/stm32f4xx_hal_flash_ramfunc.d ./Drivers/STM32F4xx_HAL_Driver/stm32f4xx_hal_flash_ramfunc.o ./Drivers/STM32F4xx_HAL_Driver/stm32f4xx_hal_flash_ramfunc.su ./Drivers/STM32F4xx_HAL_Driver/stm32f4xx_hal_gpio.cyclo ./Drivers/STM32F4xx_HAL_Driver/stm32f4xx_hal_gpio.d ./Drivers/STM32F4xx_HAL_Driver/stm32f4xx_hal_gpio.o ./Drivers/STM32F4xx_HAL_Driver/stm32f4xx_hal_gpio.su ./Drivers/STM32F4xx_HAL_Driver/stm32f4xx_hal_pwr.cyclo ./Drivers/STM32F4xx_HAL_Driver/stm32f4xx_hal_pwr.d ./Drivers/STM32F4xx_HAL_Driver/stm32f4xx_hal_pwr.o ./Drivers/STM32F4xx_HAL_Driver/stm32f4xx_hal_pwr.su ./Drivers/STM32F4xx_HAL_Driver/stm32f4xx_hal_pwr_ex.cyclo ./Drivers/STM32F4xx_HAL_Driver/stm32f4xx_hal_pwr_ex.d ./Drivers/STM32F4xx_HAL_Driver/stm32f4xx_hal_pwr_ex.o ./Drivers/STM32F4xx_HAL_Driver/stm32f4xx_hal_pwr_ex.su ./Drivers/STM32F4xx_HAL_Driver/stm32f4xx_hal_rcc.cyclo ./Drivers/STM32F4xx_HAL_Driver/stm32f4xx_hal_rcc.d ./Drivers/STM32F4xx_HAL_Driver/stm32f4xx_hal_rcc.o ./Drivers/STM32F4xx_HAL_Driver/stm32f4xx_hal_rcc.su ./Drivers/STM32F4xx_HAL_Driver/stm32f4xx_hal_rcc_ex.cyclo ./Drivers/STM32F4xx_HAL_Driver/stm32f4xx_hal_rcc_ex.d ./Drivers/STM32F4xx_HAL_Driver/stm32f4xx_hal_rcc_ex.o ./Drivers/STM32F4xx_HAL_Driver/stm32f4xx_hal_rcc_ex.su ./Drivers/STM32F4xx_HAL_Driver/stm32f4xx_hal_tim.cyclo ./Drivers/STM32F4xx_HAL_Driver/stm32f4xx_hal_tim.d ./Drivers/STM32F4xx_HAL_Driver/stm32f4xx_hal_tim.o ./Drivers/STM32F4xx_HAL_Driver/stm32f4xx_hal_tim.su ./Drivers/STM32F4xx_HAL_Driver/stm32f4xx_hal_tim_ex.cyclo ./Drivers/STM32F4xx_HAL_Driver/stm32f4xx_hal_tim_ex.d ./Drivers/STM32F4xx_HAL_Driver/stm32f4xx_hal_tim_ex.o ./Drivers/STM32F4xx_HAL_Driver/stm32f4xx_hal_tim_ex.su
rm -rf ./Core/Startup/startup_stm32f411vetx.d ./Core/Startup/startup_stm32f411vetx.o
[...]
../Core/Src/main.c: In function 'main':
../Core/Src/main.c:106:27: error: 'TARE_TEMPORARY' undeclared (first use in this function)
  106 |             activate_TARE(TARE_TEMPORARY); // Or TARE_PERMANENT
      |                           ^~~~~~~~~~~~~~
../Core/Src/main.c:106:27: note: each undeclared identifier is reported only once for each function it appears in
../Core/Src/main.c: In function 'activate_TARE':
../Core/Src/main.c:184:20: error: 'TARE_TEMPORARY' undeclared (first use in this function)
  184 |   if (tare_type == TARE_TEMPORARY) {
      |                    ^~~~~~~~~~~~~~
../Core/Src/main.c:188:27: error: 'TARE_PERMANENT' undeclared (first use in this function)
  188 |   } else if (tare_type == TARE_PERMANENT) {
      |                           ^~~~~~~~~~~~~~
make: *** [Core/Src/subdir.mk:37: Core/Src/main.o] Error 1
"make -j8 all" terminated with exit code 2. Build might be incomplete.
15:06:43 **** Incremental Build of configuration Debug for project TorqueSensor ****
make -j8 all 
arm-none-eabi-size  TorqueSensor.elf 
   text	   data	    bss	    dec	    hex	filename
  30684	    476	   1996	  33156	   8184	TorqueSensor.elf
Finished building: default.size.stdout
 

**** Build of configuration Debug for project adc ****

Nothing to build for project adc
15:06:44 **** Incremental Build of configuration Debug for project couplemetre ****
make -j8 all 
arm-none-eabi-size  couplemetre.elf 
   text	   data	    bss	    dec	    hex	filename
   9548	     12	   1684	  11244	   2bec	couplemetre.elf
Finished building: default.size.stdout
 

**** Build of configuration Debug for project freeRTOS ****

Nothing to build for project freeRTOS
15:06:44 **** Incremental Build of configuration Debug for project test_1 ****
make -j8 all 
arm-none-eabi-size  test_1.elf 
   text	   data	    bss	    dec	    hex	filename
   4808	     20	   1572	   6400	   1900	test_1.elf
Finished building: default.size.stdout
 
15:06:44 **** Incremental Build of configuration Debug for project torquesensor_OS ****
make -j8 all 
arm-none-eabi-size  torquesensor_OS.elf 
   text	   data	    bss	    dec	    hex	filename
  46092	    480	  18416	  64988	   fddc	torquesensor_OS.elf
Finished building: default.size.stdout
 
15:09:49 **** Incremental Build of configuration Debug for project ADC_Value ****
make -j8 all 
arm-none-eabi-size  ADC_Value.elf 
   text	   data	    bss	    dec	    hex	filename
   8884	     12	   1660	  10556	   293c	ADC_Value.elf
Finished building: default.size.stdout
 
15:09:49 **** Incremental Build of configuration Debug for project Encodeur ****
make -j8 all 
arm-none-eabi-size  Encodeur.elf 
   text	   data	    bss	    dec	    hex	filename
  32084	    468	   2100	  34652	   875c	Encodeur.elf
Finished building: default.size.stdout
 
15:09:50 **** Incremental Build of configuration Debug for project MAGTROL_TS100 ****
make -j8 all 
arm-none-eabi-size  MAGTROL_TS100.elf 
   text	   data	    bss	    dec	    hex	filename
  15936	     16	  17960	  33912	   8478	MAGTROL_TS100.elf
Finished building: default.size.stdout
 
15:09:50 **** Incremental Build of configuration Debug for project TARE-BITE ****
make -j8 all 
arm-none-eabi-gcc "../Core/Src/main.c" -mcpu=cortex-m4 -std=gnu11 -g3 -DDEBUG -DUSE_HAL_DRIVER -DSTM32F411xE -c -I../Core/Inc -I../Drivers/STM32F4xx_HAL_Driver/Inc -I../Drivers/STM32F4xx_HAL_Driver/Inc/Legacy -I../Drivers/CMSIS/Device/ST/STM32F4xx/Include -I../Drivers/CMSIS/Include -O0 -ffunction-sections -fdata-sections -Wall -fstack-usage -fcyclomatic-complexity -MMD -MP -MF"Core/Src/main.d" -MT"Core/Src/main.o" --specs=nano.specs -mfpu=fpv4-sp-d16 -mfloat-abi=hard -mthumb -o "Core/Src/main.o"
arm-none-eabi-gcc -o "TARE-BITE.elf" @"objects.list"   -mcpu=cortex-m4 -T"C:\Users\asus\STM32CubeIDE\workspace_1.14.1\TARE-BITE\STM32F411VETX_FLASH.ld" --specs=nosys.specs -Wl,-Map="TARE-BITE.map" -Wl,--gc-sections -static --specs=nano.specs -mfpu=fpv4-sp-d16 -mfloat-abi=hard -mthumb -Wl,--start-group -lc -lm -Wl,--end-group
Finished building target: TARE-BITE.elf
 
arm-none-eabi-size  TARE-BITE.elf 
arm-none-eabi-objdump -h -S TARE-BITE.elf  > "TARE-BITE.list"
   text	   data	    bss	    dec	    hex	filename
   6036	     12	   1572	   7620	   1dc4	TARE-BITE.elf
Finished building: default.size.stdout
 
Finished building: TARE-BITE.list
 
15:09:51 **** Incremental Build of configuration Debug for project TorqueSensor ****
make -j8 all 
arm-none-eabi-size  TorqueSensor.elf 
   text	   data	    bss	    dec	    hex	filename
  30684	    476	   1996	  33156	   8184	TorqueSensor.elf
Finished building: default.size.stdout
 

**** Build of configuration Debug for project adc ****

Nothing to build for project adc
15:09:51 **** Incremental Build of configuration Debug for project couplemetre ****
make -j8 all 
arm-none-eabi-size  couplemetre.elf 
   text	   data	    bss	    dec	    hex	filename
   9548	     12	   1684	  11244	   2bec	couplemetre.elf
Finished building: default.size.stdout
 

**** Build of configuration Debug for project freeRTOS ****

Nothing to build for project freeRTOS
15:09:52 **** Incremental Build of configuration Debug for project test_1 ****
make -j8 all 
arm-none-eabi-size  test_1.elf 
   text	   data	    bss	    dec	    hex	filename
   4808	     20	   1572	   6400	   1900	test_1.elf
Finished building: default.size.stdout
 
15:09:52 **** Incremental Build of configuration Debug for project torquesensor_OS ****
make -j8 all 
arm-none-eabi-size  torquesensor_OS.elf 
   text	   data	    bss	    dec	    hex	filename
  46092	    480	  18416	  64988	   fddc	torquesensor_OS.elf
Finished building: default.size.stdout
 
15:10:19 **** Incremental Build of configuration Debug for project ADC_Value ****
make -j8 all 
arm-none-eabi-size  ADC_Value.elf 
   text	   data	    bss	    dec	    hex	filename
   8884	     12	   1660	  10556	   293c	ADC_Value.elf
Finished building: default.size.stdout
 
15:10:19 **** Incremental Build of configuration Debug for project Encodeur ****
make -j8 all 
arm-none-eabi-size  Encodeur.elf 
   text	   data	    bss	    dec	    hex	filename
  32084	    468	   2100	  34652	   875c	Encodeur.elf
Finished building: default.size.stdout
 
15:10:20 **** Incremental Build of configuration Debug for project MAGTROL_TS100 ****
make -j8 all 
arm-none-eabi-size  MAGTROL_TS100.elf 
   text	   data	    bss	    dec	    hex	filename
  15936	     16	  17960	  33912	   8478	MAGTROL_TS100.elf
Finished building: default.size.stdout
 
15:10:20 **** Incremental Build of configuration Debug for project TARE-BITE ****
make -j8 all 
arm-none-eabi-size  TARE-BITE.elf 
   text	   data	    bss	    dec	    hex	filename
   6036	     12	   1572	   7620	   1dc4	TARE-BITE.elf
Finished building: default.size.stdout
 
15:10:20 **** Incremental Build of configuration Debug for project TorqueSensor ****
make -j8 all 
arm-none-eabi-size  TorqueSensor.elf 
   text	   data	    bss	    dec	    hex	filename
  30684	    476	   1996	  33156	   8184	TorqueSensor.elf
Finished building: default.size.stdout
 

**** Build of configuration Debug for project adc ****

Nothing to build for project adc
15:10:21 **** Incremental Build of configuration Debug for project couplemetre ****
make -j8 all 
arm-none-eabi-size  couplemetre.elf 
   text	   data	    bss	    dec	    hex	filename
   9548	     12	   1684	  11244	   2bec	couplemetre.elf
Finished building: default.size.stdout
 

**** Build of configuration Debug for project freeRTOS ****

Nothing to build for project freeRTOS
15:10:21 **** Incremental Build of configuration Debug for project test_1 ****
make -j8 all 
arm-none-eabi-size  test_1.elf 
   text	   data	    bss	    dec	    hex	filename
   4808	     20	   1572	   6400	   1900	test_1.elf
Finished building: default.size.stdout
 
15:10:22 **** Incremental Build of configuration Debug for project torquesensor_OS ****
make -j8 all 
arm-none-eabi-size  torquesensor_OS.elf 
   text	   data	    bss	    dec	    hex	filename
  46092	    480	  18416	  64988	   fddc	torquesensor_OS.elf
Finished building: default.size.stdout
 
15:11:36 **** Incremental Build of configuration Debug for project TARE-BITE ****
make -j8 all 
arm-none-eabi-size  TARE-BITE.elf 
   text	   data	    bss	    dec	    hex	filename
   6036	     12	   1572	   7620	   1dc4	TARE-BITE.elf
Finished building: default.size.stdout
 
15:12:52 **** Incremental Build of configuration Debug for project TARE-BITE ****
make -j8 all 
arm-none-eabi-size  TARE-BITE.elf 
   text	   data	    bss	    dec	    hex	filename
   6036	     12	   1572	   7620	   1dc4	TARE-BITE.elf
Finished building: default.size.stdout
 
15:48:57 **** Incremental Build of configuration Debug for project ADC_Value ****
make -j8 all 
arm-none-eabi-size  ADC_Value.elf 
   text	   data	    bss	    dec	    hex	filename
   8884	     12	   1660	  10556	   293c	ADC_Value.elf
Finished building: default.size.stdout
 
15:48:58 **** Incremental Build of configuration Debug for project Encodeur ****
make -j8 all 
arm-none-eabi-size  Encodeur.elf 
   text	   data	    bss	    dec	    hex	filename
  32084	    468	   2100	  34652	   875c	Encodeur.elf
Finished building: default.size.stdout
 
15:48:58 **** Incremental Build of configuration Debug for project MAGTROL_TS100 ****
make -j8 all 
arm-none-eabi-size  MAGTROL_TS100.elf 
   text	   data	    bss	    dec	    hex	filename
  15936	     16	  17960	  33912	   8478	MAGTROL_TS100.elf
Finished building: default.size.stdout
 
15:48:59 **** Incremental Build of configuration Debug for project TARE-BITE ****
make -j8 all 
arm-none-eabi-gcc "../Core/Src/gpio.c" -mcpu=cortex-m4 -std=gnu11 -g3 -DDEBUG -DUSE_HAL_DRIVER -DSTM32F411xE -c -I../Core/Inc -I../Drivers/STM32F4xx_HAL_Driver/Inc -I../Drivers/STM32F4xx_HAL_Driver/Inc/Legacy -I../Drivers/CMSIS/Device/ST/STM32F4xx/Include -I../Drivers/CMSIS/Include -O0 -ffunction-sections -fdata-sections -Wall -fstack-usage -fcyclomatic-complexity -MMD -MP -MF"Core/Src/gpio.d" -MT"Core/Src/gpio.o" --specs=nano.specs -mfpu=fpv4-sp-d16 -mfloat-abi=hard -mthumb -o "Core/Src/gpio.o"
arm-none-eabi-gcc "../Core/Src/main.c" -mcpu=cortex-m4 -std=gnu11 -g3 -DDEBUG -DUSE_HAL_DRIVER -DSTM32F411xE -c -I../Core/Inc -I../Drivers/STM32F4xx_HAL_Driver/Inc -I../Drivers/STM32F4xx_HAL_Driver/Inc/Legacy -I../Drivers/CMSIS/Device/ST/STM32F4xx/Include -I../Drivers/CMSIS/Include -O0 -ffunction-sections -fdata-sections -Wall -fstack-usage -fcyclomatic-complexity -MMD -MP -MF"Core/Src/main.d" -MT"Core/Src/main.o" --specs=nano.specs -mfpu=fpv4-sp-d16 -mfloat-abi=hard -mthumb -o "Core/Src/main.o"
../Core/Src/main.c: In function 'main':
../Core/Src/main.c:102:13: warning: implicit declaration of function 'activate_BITE' [-Wimplicit-function-declaration]
  102 |             activate_BITE();
      |             ^~~~~~~~~~~~~
../Core/Src/main.c:104:13: warning: implicit declaration of function 'activate_TARE' [-Wimplicit-function-declaration]
  104 |             activate_TARE(TARE_TEMPORARY); // Or TARE_PERMANENT
      |             ^~~~~~~~~~~~~
../Core/Src/main.c:104:27: error: 'TARE_TEMPORARY' undeclared (first use in this function)
  104 |             activate_TARE(TARE_TEMPORARY); // Or TARE_PERMANENT
      |                           ^~~~~~~~~~~~~~
../Core/Src/main.c:104:27: note: each undeclared identifier is reported only once for each function it appears in
make: *** [Core/Src/subdir.mk:37: Core/Src/main.o] Error 1
make: *** Waiting for unfinished jobs....
"make -j8 all" terminated with exit code 2. Build might be incomplete.
15:49:01 **** Incremental Build of configuration Debug for project TorqueSensor ****
make -j8 all 
arm-none-eabi-size  TorqueSensor.elf 
   text	   data	    bss	    dec	    hex	filename
  30684	    476	   1996	  33156	   8184	TorqueSensor.elf
Finished building: default.size.stdout
 

**** Build of configuration Debug for project adc ****

Nothing to build for project adc
15:49:01 **** Incremental Build of configuration Debug for project couplemetre ****
make -j8 all 
arm-none-eabi-size  couplemetre.elf 
   text	   data	    bss	    dec	    hex	filename
   9548	     12	   1684	  11244	   2bec	couplemetre.elf
Finished building: default.size.stdout
 

**** Build of configuration Debug for project freeRTOS ****

Nothing to build for project freeRTOS
15:49:02 **** Incremental Build of configuration Debug for project test_1 ****
make -j8 all 
arm-none-eabi-size  test_1.elf 
   text	   data	    bss	    dec	    hex	filename
   4808	     20	   1572	   6400	   1900	test_1.elf
Finished building: default.size.stdout
 
15:49:02 **** Incremental Build of configuration Debug for project torquesensor_OS ****
make -j8 all 
arm-none-eabi-size  torquesensor_OS.elf 
   text	   data	    bss	    dec	    hex	filename
  46092	    480	  18416	  64988	   fddc	torquesensor_OS.elf
Finished building: default.size.stdout
 
15:54:21 **** Incremental Build of configuration Debug for project ADC_Value ****
make -j8 all 
arm-none-eabi-size  ADC_Value.elf 
   text	   data	    bss	    dec	    hex	filename
   8884	     12	   1660	  10556	   293c	ADC_Value.elf
Finished building: default.size.stdout
 
15:54:22 **** Incremental Build of configuration Debug for project Encodeur ****
make -j8 all 
arm-none-eabi-size  Encodeur.elf 
   text	   data	    bss	    dec	    hex	filename
  32084	    468	   2100	  34652	   875c	Encodeur.elf
Finished building: default.size.stdout
 
15:54:22 **** Incremental Build of configuration Debug for project MAGTROL_TS100 ****
make -j8 all 
arm-none-eabi-size  MAGTROL_TS100.elf 
   text	   data	    bss	    dec	    hex	filename
  15936	     16	  17960	  33912	   8478	MAGTROL_TS100.elf
Finished building: default.size.stdout
 
15:54:23 **** Incremental Build of configuration Debug for project TARE-BITE ****
make -j8 all 
arm-none-eabi-gcc "../Core/Src/main.c" -mcpu=cortex-m4 -std=gnu11 -g3 -DDEBUG -DUSE_HAL_DRIVER -DSTM32F411xE -c -I../Core/Inc -I../Drivers/STM32F4xx_HAL_Driver/Inc -I../Drivers/STM32F4xx_HAL_Driver/Inc/Legacy -I../Drivers/CMSIS/Device/ST/STM32F4xx/Include -I../Drivers/CMSIS/Include -O0 -ffunction-sections -fdata-sections -Wall -fstack-usage -fcyclomatic-complexity -MMD -MP -MF"Core/Src/main.d" -MT"Core/Src/main.o" --specs=nano.specs -mfpu=fpv4-sp-d16 -mfloat-abi=hard -mthumb -o "Core/Src/main.o"
../Core/Src/main.c: In function 'activate_TARE':
../Core/Src/main.c:145:29: error: 'GPIO_MODE_OUT_PP' undeclared (first use in this function); did you mean 'GPIO_MODE_OUTPUT_PP'?
  145 |   VDC_Pin_InitStruct.Mode = GPIO_MODE_OUT_PP;
      |                             ^~~~~~~~~~~~~~~~
      |                             GPIO_MODE_OUTPUT_PP
../Core/Src/main.c:145:29: note: each undeclared identifier is reported only once for each function it appears in
make: *** [Core/Src/subdir.mk:37: Core/Src/main.o] Error 1
"make -j8 all" terminated with exit code 2. Build might be incomplete.
15:54:23 **** Incremental Build of configuration Debug for project TorqueSensor ****
make -j8 all 
arm-none-eabi-size  TorqueSensor.elf 
   text	   data	    bss	    dec	    hex	filename
  30684	    476	   1996	  33156	   8184	TorqueSensor.elf
Finished building: default.size.stdout
 

**** Build of configuration Debug for project adc ****

Nothing to build for project adc
15:54:24 **** Incremental Build of configuration Debug for project couplemetre ****
make -j8 all 
arm-none-eabi-size  couplemetre.elf 
   text	   data	    bss	    dec	    hex	filename
   9548	     12	   1684	  11244	   2bec	couplemetre.elf
Finished building: default.size.stdout
 

**** Build of configuration Debug for project freeRTOS ****

Nothing to build for project freeRTOS
15:54:24 **** Incremental Build of configuration Debug for project test_1 ****
make -j8 all 
arm-none-eabi-size  test_1.elf 
   text	   data	    bss	    dec	    hex	filename
   4808	     20	   1572	   6400	   1900	test_1.elf
Finished building: default.size.stdout
 
15:54:24 **** Incremental Build of configuration Debug for project torquesensor_OS ****
make -j8 all 
arm-none-eabi-size  torquesensor_OS.elf 
   text	   data	    bss	    dec	    hex	filename
  46092	    480	  18416	  64988	   fddc	torquesensor_OS.elf
Finished building: default.size.stdout
 
15:54:38 **** Incremental Build of configuration Debug for project ADC_Value ****
make -j8 all 
arm-none-eabi-size  ADC_Value.elf 
   text	   data	    bss	    dec	    hex	filename
   8884	     12	   1660	  10556	   293c	ADC_Value.elf
Finished building: default.size.stdout
 
15:54:38 **** Incremental Build of configuration Debug for project Encodeur ****
make -j8 all 
arm-none-eabi-size  Encodeur.elf 
   text	   data	    bss	    dec	    hex	filename
  32084	    468	   2100	  34652	   875c	Encodeur.elf
Finished building: default.size.stdout
 
15:54:39 **** Incremental Build of configuration Debug for project MAGTROL_TS100 ****
make -j8 all 
arm-none-eabi-size  MAGTROL_TS100.elf 
   text	   data	    bss	    dec	    hex	filename
  15936	     16	  17960	  33912	   8478	MAGTROL_TS100.elf
Finished building: default.size.stdout
 
15:54:39 **** Incremental Build of configuration Debug for project TARE-BITE ****
make -j8 all 
arm-none-eabi-gcc "../Core/Src/main.c" -mcpu=cortex-m4 -std=gnu11 -g3 -DDEBUG -DUSE_HAL_DRIVER -DSTM32F411xE -c -I../Core/Inc -I../Drivers/STM32F4xx_HAL_Driver/Inc -I../Drivers/STM32F4xx_HAL_Driver/Inc/Legacy -I../Drivers/CMSIS/Device/ST/STM32F4xx/Include -I../Drivers/CMSIS/Include -O0 -ffunction-sections -fdata-sections -Wall -fstack-usage -fcyclomatic-complexity -MMD -MP -MF"Core/Src/main.d" -MT"Core/Src/main.o" --specs=nano.specs -mfpu=fpv4-sp-d16 -mfloat-abi=hard -mthumb -o "Core/Src/main.o"
arm-none-eabi-gcc -o "TARE-BITE.elf" @"objects.list"   -mcpu=cortex-m4 -T"C:\Users\asus\STM32CubeIDE\workspace_1.14.1\TARE-BITE\STM32F411VETX_FLASH.ld" --specs=nosys.specs -Wl,-Map="TARE-BITE.map" -Wl,--gc-sections -static --specs=nano.specs -mfpu=fpv4-sp-d16 -mfloat-abi=hard -mthumb -Wl,--start-group -lc -lm -Wl,--end-group
Finished building target: TARE-BITE.elf
 
arm-none-eabi-size  TARE-BITE.elf 
arm-none-eabi-objdump -h -S TARE-BITE.elf  > "TARE-BITE.list"
   text	   data	    bss	    dec	    hex	filename
   6036	     12	   1572	   7620	   1dc4	TARE-BITE.elf
Finished building: default.size.stdout
 
Finished building: TARE-BITE.list
 
15:54:41 **** Incremental Build of configuration Debug for project TorqueSensor ****
make -j8 all 
arm-none-eabi-size  TorqueSensor.elf 
   text	   data	    bss	    dec	    hex	filename
  30684	    476	   1996	  33156	   8184	TorqueSensor.elf
Finished building: default.size.stdout
 

**** Build of configuration Debug for project adc ****

Nothing to build for project adc
15:54:41 **** Incremental Build of configuration Debug for project couplemetre ****
make -j8 all 
arm-none-eabi-size  couplemetre.elf 
   text	   data	    bss	    dec	    hex	filename
   9548	     12	   1684	  11244	   2bec	couplemetre.elf
Finished building: default.size.stdout
 

**** Build of configuration Debug for project freeRTOS ****

Nothing to build for project freeRTOS
15:54:42 **** Incremental Build of configuration Debug for project test_1 ****
make -j8 all 
arm-none-eabi-size  test_1.elf 
   text	   data	    bss	    dec	    hex	filename
   4808	     20	   1572	   6400	   1900	test_1.elf
Finished building: default.size.stdout
 
15:54:42 **** Incremental Build of configuration Debug for project torquesensor_OS ****
make -j8 all 
arm-none-eabi-size  torquesensor_OS.elf 
   text	   data	    bss	    dec	    hex	filename
  46092	    480	  18416	  64988	   fddc	torquesensor_OS.elf
Finished building: default.size.stdout
 
